<?xml version="1.0" encoding="UTF-8"?>
<testsuites>
  <testsuite name="/home/wwwroot/erikwang2013/xhprof-webman/phpunit.xml" tests="284" assertions="838" errors="0" failures="0" skipped="0" time="1.761182">
    <testsuite name="unit" tests="284" assertions="838" errors="0" failures="0" skipped="0" time="1.761182">
      <testsuite name="ErikWang2013\Xhprof\Tests\Unit\Adapter\HyperfTest" file="/home/wwwroot/erikwang2013/xhprof-webman/tests/Unit/Adapter/HyperfTest.php" tests="20" assertions="68" errors="0" failures="0" skipped="0" time="0.055680">
        <testcase name="configAdapterDelegatesToHyperfConfig" file="/home/wwwroot/erikwang2013/xhprof-webman/tests/Unit/Adapter/HyperfTest.php" line="107" class="ErikWang2013\Xhprof\Tests\Unit\Adapter\HyperfTest" classname="ErikWang2013.Xhprof.Tests.Unit.Adapter.HyperfTest" assertions="3" time="0.015421"/>
        <testcase name="logAdapterForwardsToPsrLogger" file="/home/wwwroot/erikwang2013/xhprof-webman/tests/Unit/Adapter/HyperfTest.php" line="116" class="ErikWang2013\Xhprof\Tests\Unit\Adapter\HyperfTest" classname="ErikWang2013.Xhprof.Tests.Unit.Adapter.HyperfTest" assertions="2" time="0.002122"/>
        <testcase name="redisAdapterPassthrough" file="/home/wwwroot/erikwang2013/xhprof-webman/tests/Unit/Adapter/HyperfTest.php" line="133" class="ErikWang2013\Xhprof\Tests\Unit\Adapter\HyperfTest" classname="ErikWang2013.Xhprof.Tests.Unit.Adapter.HyperfTest" assertions="12" time="0.004268"/>
        <testcase name="requestAdapterDelegates" file="/home/wwwroot/erikwang2013/xhprof-webman/tests/Unit/Adapter/HyperfTest.php" line="157" class="ErikWang2013\Xhprof\Tests\Unit\Adapter\HyperfTest" classname="ErikWang2013.Xhprof.Tests.Unit.Adapter.HyperfTest" assertions="9" time="0.004316"/>
        <testsuite name="ErikWang2013\Xhprof\Tests\Unit\Adapter\HyperfTest::requestAdapterGetRealIp" tests="4" assertions="4" errors="0" failures="0" skipped="0" time="0.007583">
          <testcase name="requestAdapterGetRealIp with data set &quot;x-forwarded-for 多 IP 取第一个&quot;" file="/home/wwwroot/erikwang2013/xhprof-webman/tests/Unit/Adapter/HyperfTest.php" line="206" class="ErikWang2013\Xhprof\Tests\Unit\Adapter\HyperfTest" classname="ErikWang2013.Xhprof.Tests.Unit.Adapter.HyperfTest" assertions="1" time="0.001351"/>
          <testcase name="requestAdapterGetRealIp with data set &quot;x-real-ip 兜底&quot;" file="/home/wwwroot/erikwang2013/xhprof-webman/tests/Unit/Adapter/HyperfTest.php" line="206" class="ErikWang2013\Xhprof\Tests\Unit\Adapter\HyperfTest" classname="ErikWang2013.Xhprof.Tests.Unit.Adapter.HyperfTest" assertions="1" time="0.001122"/>
          <testcase name="requestAdapterGetRealIp with data set &quot;remote_addr 默认&quot;" file="/home/wwwroot/erikwang2013/xhprof-webman/tests/Unit/Adapter/HyperfTest.php" line="206" class="ErikWang2013\Xhprof\Tests\Unit\Adapter\HyperfTest" classname="ErikWang2013.Xhprof.Tests.Unit.Adapter.HyperfTest" assertions="1" time="0.001045"/>
          <testcase name="requestAdapterGetRealIp with data set &quot;无 server 数据返回 127.0.0.1&quot;" file="/home/wwwroot/erikwang2013/xhprof-webman/tests/Unit/Adapter/HyperfTest.php" line="206" class="ErikWang2013\Xhprof\Tests\Unit\Adapter\HyperfTest" classname="ErikWang2013.Xhprof.Tests.Unit.Adapter.HyperfTest" assertions="1" time="0.004064"/>
        </testsuite>
        <testcase name="responseAdapterBodyHeadersStatus" file="/home/wwwroot/erikwang2013/xhprof-webman/tests/Unit/Adapter/HyperfTest.php" line="213" class="ErikWang2013\Xhprof\Tests\Unit\Adapter\HyperfTest" classname="ErikWang2013.Xhprof.Tests.Unit.Adapter.HyperfTest" assertions="4" time="0.002014"/>
        <testsuite name="ErikWang2013\Xhprof\Tests\Unit\Adapter\HyperfTest::responseAdapterFileMapsMime" tests="8" assertions="24" errors="0" failures="0" skipped="0" time="0.010964">
          <testcase name="responseAdapterFileMapsMime with data set &quot;css&quot;" file="/home/wwwroot/erikwang2013/xhprof-webman/tests/Unit/Adapter/HyperfTest.php" line="246" class="ErikWang2013\Xhprof\Tests\Unit\Adapter\HyperfTest" classname="ErikWang2013.Xhprof.Tests.Unit.Adapter.HyperfTest" assertions="3" time="0.001658"/>
          <testcase name="responseAdapterFileMapsMime with data set &quot;js&quot;" file="/home/wwwroot/erikwang2013/xhprof-webman/tests/Unit/Adapter/HyperfTest.php" line="246" class="ErikWang2013\Xhprof\Tests\Unit\Adapter\HyperfTest" classname="ErikWang2013.Xhprof.Tests.Unit.Adapter.HyperfTest" assertions="3" time="0.001343"/>
          <testcase name="responseAdapterFileMapsMime with data set &quot;png&quot;" file="/home/wwwroot/erikwang2013/xhprof-webman/tests/Unit/Adapter/HyperfTest.php" line="246" class="ErikWang2013\Xhprof\Tests\Unit\Adapter\HyperfTest" classname="ErikWang2013.Xhprof.Tests.Unit.Adapter.HyperfTest" assertions="3" time="0.001273"/>
          <testcase name="responseAdapterFileMapsMime with data set &quot;gif&quot;" file="/home/wwwroot/erikwang2013/xhprof-webman/tests/Unit/Adapter/HyperfTest.php" line="246" class="ErikWang2013\Xhprof\Tests\Unit\Adapter\HyperfTest" classname="ErikWang2013.Xhprof.Tests.Unit.Adapter.HyperfTest" assertions="3" time="0.001147"/>
          <testcase name="responseAdapterFileMapsMime with data set &quot;jpg&quot;" file="/home/wwwroot/erikwang2013/xhprof-webman/tests/Unit/Adapter/HyperfTest.php" line="246" class="ErikWang2013\Xhprof\Tests\Unit\Adapter\HyperfTest" classname="ErikWang2013.Xhprof.Tests.Unit.Adapter.HyperfTest" assertions="3" time="0.001224"/>
          <testcase name="responseAdapterFileMapsMime with data set &quot;jpeg&quot;" file="/home/wwwroot/erikwang2013/xhprof-webman/tests/Unit/Adapter/HyperfTest.php" line="246" class="ErikWang2013\Xhprof\Tests\Unit\Adapter\HyperfTest" classname="ErikWang2013.Xhprof.Tests.Unit.Adapter.HyperfTest" assertions="3" time="0.001468"/>
          <testcase name="responseAdapterFileMapsMime with data set &quot;svg&quot;" file="/home/wwwroot/erikwang2013/xhprof-webman/tests/Unit/Adapter/HyperfTest.php" line="246" class="ErikWang2013\Xhprof\Tests\Unit\Adapter\HyperfTest" classname="ErikWang2013.Xhprof.Tests.Unit.Adapter.HyperfTest" assertions="3" time="0.001443"/>
          <testcase name="responseAdapterFileMapsMime with data set &quot;unknown&quot;" file="/home/wwwroot/erikwang2013/xhprof-webman/tests/Unit/Adapter/HyperfTest.php" line="246" class="ErikWang2013\Xhprof\Tests\Unit\Adapter\HyperfTest" classname="ErikWang2013.Xhprof.Tests.Unit.Adapter.HyperfTest" assertions="3" time="0.001408"/>
        </testsuite>
        <testcase name="responseAdapterFileMissingReturns404" file="/home/wwwroot/erikwang2013/xhprof-webman/tests/Unit/Adapter/HyperfTest.php" line="258" class="ErikWang2013\Xhprof\Tests\Unit\Adapter\HyperfTest" classname="ErikWang2013.Xhprof.Tests.Unit.Adapter.HyperfTest" assertions="1" time="0.001006"/>
        <testcase name="middlewareBootstrapsAndReturnsHandlerResponse" file="/home/wwwroot/erikwang2013/xhprof-webman/tests/Unit/Adapter/HyperfTest.php" line="266" class="ErikWang2013\Xhprof\Tests\Unit\Adapter\HyperfTest" classname="ErikWang2013.Xhprof.Tests.Unit.Adapter.HyperfTest" assertions="4" time="0.005572"/>
        <testcase name="configProviderReturnsMiddlewareAndPublish" file="/home/wwwroot/erikwang2013/xhprof-webman/tests/Unit/Adapter/HyperfTest.php" line="311" class="ErikWang2013\Xhprof\Tests\Unit\Adapter\HyperfTest" classname="ErikWang2013.Xhprof.Tests.Unit.Adapter.HyperfTest" assertions="5" time="0.002416"/>
      </testsuite>
      <testsuite name="ErikWang2013\Xhprof\Tests\Unit\Adapter\LaravelTest" file="/home/wwwroot/erikwang2013/xhprof-webman/tests/Unit/Adapter/LaravelTest.php" tests="8" assertions="47" errors="0" failures="0" skipped="0" time="0.017111">
        <testcase name="configAdapterReadsLaravelConfigTree" file="/home/wwwroot/erikwang2013/xhprof-webman/tests/Unit/Adapter/LaravelTest.php" line="82" class="ErikWang2013\Xhprof\Tests\Unit\Adapter\LaravelTest" classname="ErikWang2013.Xhprof.Tests.Unit.Adapter.LaravelTest" assertions="5" time="0.002281"/>
        <testcase name="logAdapterForwardsToFacade" file="/home/wwwroot/erikwang2013/xhprof-webman/tests/Unit/Adapter/LaravelTest.php" line="96" class="ErikWang2013\Xhprof\Tests\Unit\Adapter\LaravelTest" classname="ErikWang2013.Xhprof.Tests.Unit.Adapter.LaravelTest" assertions="2" time="0.001886"/>
        <testcase name="redisAdapterPassthrough" file="/home/wwwroot/erikwang2013/xhprof-webman/tests/Unit/Adapter/LaravelTest.php" line="104" class="ErikWang2013\Xhprof\Tests\Unit\Adapter\LaravelTest" classname="ErikWang2013.Xhprof.Tests.Unit.Adapter.LaravelTest" assertions="13" time="0.002550"/>
        <testcase name="requestAdapterDelegates" file="/home/wwwroot/erikwang2013/xhprof-webman/tests/Unit/Adapter/LaravelTest.php" line="128" class="ErikWang2013\Xhprof\Tests\Unit\Adapter\LaravelTest" classname="ErikWang2013.Xhprof.Tests.Unit.Adapter.LaravelTest" assertions="10" time="0.002086"/>
        <testcase name="responseAdapterBodyHeadersStatus" file="/home/wwwroot/erikwang2013/xhprof-webman/tests/Unit/Adapter/LaravelTest.php" line="153" class="ErikWang2013\Xhprof\Tests\Unit\Adapter\LaravelTest" classname="ErikWang2013.Xhprof.Tests.Unit.Adapter.LaravelTest" assertions="5" time="0.001862"/>
        <testcase name="responseAdapterFile" file="/home/wwwroot/erikwang2013/xhprof-webman/tests/Unit/Adapter/LaravelTest.php" line="169" class="ErikWang2013\Xhprof\Tests\Unit\Adapter\LaravelTest" classname="ErikWang2013.Xhprof.Tests.Unit.Adapter.LaravelTest" assertions="2" time="0.001002"/>
        <testcase name="middlewareBootstrapsAndReturnsHandlerResponse" file="/home/wwwroot/erikwang2013/xhprof-webman/tests/Unit/Adapter/LaravelTest.php" line="190" class="ErikWang2013\Xhprof\Tests\Unit\Adapter\LaravelTest" classname="ErikWang2013.Xhprof.Tests.Unit.Adapter.LaravelTest" assertions="5" time="0.002643"/>
        <testcase name="serviceProviderRegistersAndPublishes" file="/home/wwwroot/erikwang2013/xhprof-webman/tests/Unit/Adapter/LaravelTest.php" line="214" class="ErikWang2013\Xhprof\Tests\Unit\Adapter\LaravelTest" classname="ErikWang2013.Xhprof.Tests.Unit.Adapter.LaravelTest" assertions="5" time="0.002801"/>
      </testsuite>
      <testsuite name="ErikWang2013\Xhprof\Tests\Unit\Adapter\ThinkphpTest" file="/home/wwwroot/erikwang2013/xhprof-webman/tests/Unit/Adapter/ThinkphpTest.php" tests="16" assertions="77" errors="0" failures="0" skipped="0" time="0.028924">
        <testcase name="configAdapterReadsThinkConfigTree" file="/home/wwwroot/erikwang2013/xhprof-webman/tests/Unit/Adapter/ThinkphpTest.php" line="178" class="ErikWang2013\Xhprof\Tests\Unit\Adapter\ThinkphpTest" classname="ErikWang2013.Xhprof.Tests.Unit.Adapter.ThinkphpTest" assertions="4" time="0.001816"/>
        <testcase name="logAdapterForwardsWithJsonContext" file="/home/wwwroot/erikwang2013/xhprof-webman/tests/Unit/Adapter/ThinkphpTest.php" line="189" class="ErikWang2013\Xhprof\Tests\Unit\Adapter\ThinkphpTest" classname="ErikWang2013.Xhprof.Tests.Unit.Adapter.ThinkphpTest" assertions="2" time="0.001630"/>
        <testcase name="redisAdapterFallbackViaCacheStore" file="/home/wwwroot/erikwang2013/xhprof-webman/tests/Unit/Adapter/ThinkphpTest.php" line="197" class="ErikWang2013\Xhprof\Tests\Unit\Adapter\ThinkphpTest" classname="ErikWang2013.Xhprof.Tests.Unit.Adapter.ThinkphpTest" assertions="12" time="0.003501"/>
        <testcase name="redisAdapterDirectPathWithRedisHandler" file="/home/wwwroot/erikwang2013/xhprof-webman/tests/Unit/Adapter/ThinkphpTest.php" line="223" class="ErikWang2013\Xhprof\Tests\Unit\Adapter\ThinkphpTest" classname="ErikWang2013.Xhprof.Tests.Unit.Adapter.ThinkphpTest" assertions="13" time="0.001114"/>
        <testcase name="requestAdapterDelegates" file="/home/wwwroot/erikwang2013/xhprof-webman/tests/Unit/Adapter/ThinkphpTest.php" line="255" class="ErikWang2013\Xhprof\Tests\Unit\Adapter\ThinkphpTest" classname="ErikWang2013.Xhprof.Tests.Unit.Adapter.ThinkphpTest" assertions="10" time="0.002033"/>
        <testcase name="responseAdapterBodyHeadersStatus" file="/home/wwwroot/erikwang2013/xhprof-webman/tests/Unit/Adapter/ThinkphpTest.php" line="280" class="ErikWang2013\Xhprof\Tests\Unit\Adapter\ThinkphpTest" classname="ErikWang2013.Xhprof.Tests.Unit.Adapter.ThinkphpTest" assertions="5" time="0.002094"/>
        <testsuite name="ErikWang2013\Xhprof\Tests\Unit\Adapter\ThinkphpTest::responseAdapterFileMapsMime" tests="8" assertions="24" errors="0" failures="0" skipped="0" time="0.013014">
          <testcase name="responseAdapterFileMapsMime with data set &quot;css&quot;" file="/home/wwwroot/erikwang2013/xhprof-webman/tests/Unit/Adapter/ThinkphpTest.php" line="314" class="ErikWang2013\Xhprof\Tests\Unit\Adapter\ThinkphpTest" classname="ErikWang2013.Xhprof.Tests.Unit.Adapter.ThinkphpTest" assertions="3" time="0.001285"/>
          <testcase name="responseAdapterFileMapsMime with data set &quot;js&quot;" file="/home/wwwroot/erikwang2013/xhprof-webman/tests/Unit/Adapter/ThinkphpTest.php" line="314" class="ErikWang2013\Xhprof\Tests\Unit\Adapter\ThinkphpTest" classname="ErikWang2013.Xhprof.Tests.Unit.Adapter.ThinkphpTest" assertions="3" time="0.003558"/>
          <testcase name="responseAdapterFileMapsMime with data set &quot;png&quot;" file="/home/wwwroot/erikwang2013/xhprof-webman/tests/Unit/Adapter/ThinkphpTest.php" line="314" class="ErikWang2013\Xhprof\Tests\Unit\Adapter\ThinkphpTest" classname="ErikWang2013.Xhprof.Tests.Unit.Adapter.ThinkphpTest" assertions="3" time="0.001389"/>
          <testcase name="responseAdapterFileMapsMime with data set &quot;gif&quot;" file="/home/wwwroot/erikwang2013/xhprof-webman/tests/Unit/Adapter/ThinkphpTest.php" line="314" class="ErikWang2013\Xhprof\Tests\Unit\Adapter\ThinkphpTest" classname="ErikWang2013.Xhprof.Tests.Unit.Adapter.ThinkphpTest" assertions="3" time="0.001372"/>
          <testcase name="responseAdapterFileMapsMime with data set &quot;jpg&quot;" file="/home/wwwroot/erikwang2013/xhprof-webman/tests/Unit/Adapter/ThinkphpTest.php" line="314" class="ErikWang2013\Xhprof\Tests\Unit\Adapter\ThinkphpTest" classname="ErikWang2013.Xhprof.Tests.Unit.Adapter.ThinkphpTest" assertions="3" time="0.001425"/>
          <testcase name="responseAdapterFileMapsMime with data set &quot;jpeg&quot;" file="/home/wwwroot/erikwang2013/xhprof-webman/tests/Unit/Adapter/ThinkphpTest.php" line="314" class="ErikWang2013\Xhprof\Tests\Unit\Adapter\ThinkphpTest" classname="ErikWang2013.Xhprof.Tests.Unit.Adapter.ThinkphpTest" assertions="3" time="0.001360"/>
          <testcase name="responseAdapterFileMapsMime with data set &quot;svg&quot;" file="/home/wwwroot/erikwang2013/xhprof-webman/tests/Unit/Adapter/ThinkphpTest.php" line="314" class="ErikWang2013\Xhprof\Tests\Unit\Adapter\ThinkphpTest" classname="ErikWang2013.Xhprof.Tests.Unit.Adapter.ThinkphpTest" assertions="3" time="0.001314"/>
          <testcase name="responseAdapterFileMapsMime with data set &quot;unknown&quot;" file="/home/wwwroot/erikwang2013/xhprof-webman/tests/Unit/Adapter/ThinkphpTest.php" line="314" class="ErikWang2013\Xhprof\Tests\Unit\Adapter\ThinkphpTest" classname="ErikWang2013.Xhprof.Tests.Unit.Adapter.ThinkphpTest" assertions="3" time="0.001311"/>
        </testsuite>
        <testcase name="responseAdapterFileMissingReturns404" file="/home/wwwroot/erikwang2013/xhprof-webman/tests/Unit/Adapter/ThinkphpTest.php" line="326" class="ErikWang2013\Xhprof\Tests\Unit\Adapter\ThinkphpTest" classname="ErikWang2013.Xhprof.Tests.Unit.Adapter.ThinkphpTest" assertions="2" time="0.001051"/>
        <testcase name="middlewareBootstrapsAndReturnsHandlerResponse" file="/home/wwwroot/erikwang2013/xhprof-webman/tests/Unit/Adapter/ThinkphpTest.php" line="336" class="ErikWang2013\Xhprof\Tests\Unit\Adapter\ThinkphpTest" classname="ErikWang2013.Xhprof.Tests.Unit.Adapter.ThinkphpTest" assertions="5" time="0.002670"/>
      </testsuite>
      <testsuite name="ErikWang2013\Xhprof\Tests\Unit\Adapter\WebmanTest" file="/home/wwwroot/erikwang2013/xhprof-webman/tests/Unit/Adapter/WebmanTest.php" tests="14" assertions="68" errors="0" failures="0" skipped="0" time="0.046156">
        <testcase name="configGetResolvesPluginPrefixedTree" file="/home/wwwroot/erikwang2013/xhprof-webman/tests/Unit/Adapter/WebmanTest.php" line="115" class="ErikWang2013\Xhprof\Tests\Unit\Adapter\WebmanTest" classname="ErikWang2013.Xhprof.Tests.Unit.Adapter.WebmanTest" assertions="5" time="0.002039"/>
        <testcase name="logAdapterForwardsToSupportLog" file="/home/wwwroot/erikwang2013/xhprof-webman/tests/Unit/Adapter/WebmanTest.php" line="133" class="ErikWang2013\Xhprof\Tests\Unit\Adapter\WebmanTest" classname="ErikWang2013.Xhprof.Tests.Unit.Adapter.WebmanTest" assertions="2" time="0.001758"/>
        <testcase name="redisAdapterPassthrough" file="/home/wwwroot/erikwang2013/xhprof-webman/tests/Unit/Adapter/WebmanTest.php" line="141" class="ErikWang2013\Xhprof\Tests\Unit\Adapter\WebmanTest" classname="ErikWang2013.Xhprof.Tests.Unit.Adapter.WebmanTest" assertions="13" time="0.002135"/>
        <testcase name="requestAdapterDelegates" file="/home/wwwroot/erikwang2013/xhprof-webman/tests/Unit/Adapter/WebmanTest.php" line="165" class="ErikWang2013\Xhprof\Tests\Unit\Adapter\WebmanTest" classname="ErikWang2013.Xhprof.Tests.Unit.Adapter.WebmanTest" assertions="10" time="0.001966"/>
        <testcase name="responseAdapterBodyHeadersStatus" file="/home/wwwroot/erikwang2013/xhprof-webman/tests/Unit/Adapter/WebmanTest.php" line="190" class="ErikWang2013\Xhprof\Tests\Unit\Adapter\WebmanTest" classname="ErikWang2013.Xhprof.Tests.Unit.Adapter.WebmanTest" assertions="7" time="0.002011"/>
        <testcase name="responseAdapterFile" file="/home/wwwroot/erikwang2013/xhprof-webman/tests/Unit/Adapter/WebmanTest.php" line="210" class="ErikWang2013\Xhprof\Tests\Unit\Adapter\WebmanTest" classname="ErikWang2013.Xhprof.Tests.Unit.Adapter.WebmanTest" assertions="4" time="0.004581"/>
        <testcase name="middlewareBootstrapsAndReturnsHandlerResponse" file="/home/wwwroot/erikwang2013/xhprof-webman/tests/Unit/Adapter/WebmanTest.php" line="227" class="ErikWang2013\Xhprof\Tests\Unit\Adapter\WebmanTest" classname="ErikWang2013.Xhprof.Tests.Unit.Adapter.WebmanTest" assertions="6" time="0.008627"/>
        <testcase name="staticControllerServesRealAsset" file="/home/wwwroot/erikwang2013/xhprof-webman/tests/Unit/Adapter/WebmanTest.php" line="254" class="ErikWang2013\Xhprof\Tests\Unit\Adapter\WebmanTest" classname="ErikWang2013.Xhprof.Tests.Unit.Adapter.WebmanTest" assertions="4" time="0.009561"/>
        <testcase name="staticControllerRejectsInvalidPaths" file="/home/wwwroot/erikwang2013/xhprof-webman/tests/Unit/Adapter/WebmanTest.php" line="266" class="ErikWang2013\Xhprof\Tests\Unit\Adapter\WebmanTest" classname="ErikWang2013.Xhprof.Tests.Unit.Adapter.WebmanTest" assertions="6" time="0.001104"/>
        <testcase name="xhprofFacadeExtendsCore" file="/home/wwwroot/erikwang2013/xhprof-webman/tests/Unit/Adapter/WebmanTest.php" line="277" class="ErikWang2013\Xhprof\Tests\Unit\Adapter\WebmanTest" classname="ErikWang2013.Xhprof.Tests.Unit.Adapter.WebmanTest" assertions="4" time="0.001982"/>
        <testcase name="installByRelationCopiesConfig" file="/home/wwwroot/erikwang2013/xhprof-webman/tests/Unit/Adapter/WebmanTest.php" line="286" class="ErikWang2013\Xhprof\Tests\Unit\Adapter\WebmanTest" classname="ErikWang2013.Xhprof.Tests.Unit.Adapter.WebmanTest" assertions="3" time="0.002554">
          <system-out>Create config/plugin/aaron-dev/xhprof</system-out>
        </testcase>
        <testcase name="uninstallByRelationSkipsWhenMissing" file="/home/wwwroot/erikwang2013/xhprof-webman/tests/Unit/Adapter/WebmanTest.php" line="301" class="ErikWang2013\Xhprof\Tests\Unit\Adapter\WebmanTest" classname="ErikWang2013.Xhprof.Tests.Unit.Adapter.WebmanTest" assertions="2" time="0.001130"/>
        <testcase name="uninstallByRelationUnlinksFile" file="/home/wwwroot/erikwang2013/xhprof-webman/tests/Unit/Adapter/WebmanTest.php" line="315" class="ErikWang2013\Xhprof\Tests\Unit\Adapter\WebmanTest" classname="ErikWang2013.Xhprof.Tests.Unit.Adapter.WebmanTest" assertions="1" time="0.001744">
          <system-out>Remove config/plugin/aaron-dev/xhprof</system-out>
        </testcase>
        <testcase name="uninstallByRelationRemovesDir" file="/home/wwwroot/erikwang2013/xhprof-webman/tests/Unit/Adapter/WebmanTest.php" line="329" class="ErikWang2013\Xhprof\Tests\Unit\Adapter\WebmanTest" classname="ErikWang2013.Xhprof.Tests.Unit.Adapter.WebmanTest" assertions="1" time="0.004964">
          <system-out>Remove config/plugin/aaron-dev/xhprof</system-out>
        </testcase>
      </testsuite>
      <testsuite name="ErikWang2013\Xhprof\Tests\Unit\Adapter\WiringTest" file="/home/wwwroot/erikwang2013/xhprof-webman/tests/Unit/Adapter/WiringTest.php" tests="16" assertions="92" errors="0" failures="0" skipped="0" time="0.755443">
        <testcase name="webmanXhprofFacadeExistsAndInherits" file="/home/wwwroot/erikwang2013/xhprof-webman/tests/Unit/Adapter/WiringTest.php" line="109" class="ErikWang2013\Xhprof\Tests\Unit\Adapter\WiringTest" classname="ErikWang2013.Xhprof.Tests.Unit.Adapter.WiringTest" assertions="4" time="0.000946"/>
        <testcase name="laravelEntryClassesExist" file="/home/wwwroot/erikwang2013/xhprof-webman/tests/Unit/Adapter/WiringTest.php" line="118" class="ErikWang2013\Xhprof\Tests\Unit\Adapter\WiringTest" classname="ErikWang2013.Xhprof.Tests.Unit.Adapter.WiringTest" assertions="4" time="0.000826"/>
        <testcase name="thinkphpEntryClassExists" file="/home/wwwroot/erikwang2013/xhprof-webman/tests/Unit/Adapter/WiringTest.php" line="127" class="ErikWang2013\Xhprof\Tests\Unit\Adapter\WiringTest" classname="ErikWang2013.Xhprof.Tests.Unit.Adapter.WiringTest" assertions="2" time="0.000698"/>
        <testcase name="hyperfEntryClassesExist" file="/home/wwwroot/erikwang2013/xhprof-webman/tests/Unit/Adapter/WiringTest.php" line="134" class="ErikWang2013\Xhprof\Tests\Unit\Adapter\WiringTest" classname="ErikWang2013.Xhprof.Tests.Unit.Adapter.WiringTest" assertions="4" time="0.000702"/>
        <testcase name="webmanMiddlewareRecordsWhenEnabled" file="/home/wwwroot/erikwang2013/xhprof-webman/tests/Unit/Adapter/WiringTest.php" line="170" class="ErikWang2013\Xhprof\Tests\Unit\Adapter\WiringTest" classname="ErikWang2013.Xhprof.Tests.Unit.Adapter.WiringTest" assertions="9" time="0.665843"/>
        <testcase name="webmanMiddlewareSkipsWhenDisabled" file="/home/wwwroot/erikwang2013/xhprof-webman/tests/Unit/Adapter/WiringTest.php" line="190" class="ErikWang2013\Xhprof\Tests\Unit\Adapter\WiringTest" classname="ErikWang2013.Xhprof.Tests.Unit.Adapter.WiringTest" assertions="3" time="0.013748"/>
        <testcase name="webmanMiddlewareFinallyRunsWhenHandlerThrows" file="/home/wwwroot/erikwang2013/xhprof-webman/tests/Unit/Adapter/WiringTest.php" line="204" class="ErikWang2013\Xhprof\Tests\Unit\Adapter\WiringTest" classname="ErikWang2013.Xhprof.Tests.Unit.Adapter.WiringTest" assertions="9" time="0.022648"/>
        <testcase name="laravelMiddlewareRecordsWhenEnabled" file="/home/wwwroot/erikwang2013/xhprof-webman/tests/Unit/Adapter/WiringTest.php" line="229" class="ErikWang2013\Xhprof\Tests\Unit\Adapter\WiringTest" classname="ErikWang2013.Xhprof.Tests.Unit.Adapter.WiringTest" assertions="8" time="0.013266"/>
        <testcase name="laravelMiddlewareSkipsWhenDisabled" file="/home/wwwroot/erikwang2013/xhprof-webman/tests/Unit/Adapter/WiringTest.php" line="246" class="ErikWang2013\Xhprof\Tests\Unit\Adapter\WiringTest" classname="ErikWang2013.Xhprof.Tests.Unit.Adapter.WiringTest" assertions="2" time="0.001595"/>
        <testcase name="laravelMiddlewareFinallyRunsWhenHandlerThrows" file="/home/wwwroot/erikwang2013/xhprof-webman/tests/Unit/Adapter/WiringTest.php" line="257" class="ErikWang2013\Xhprof\Tests\Unit\Adapter\WiringTest" classname="ErikWang2013.Xhprof.Tests.Unit.Adapter.WiringTest" assertions="9" time="0.010729"/>
        <testcase name="thinkphpMiddlewareRecordsWhenEnabled" file="/home/wwwroot/erikwang2013/xhprof-webman/tests/Unit/Adapter/WiringTest.php" line="280" class="ErikWang2013\Xhprof\Tests\Unit\Adapter\WiringTest" classname="ErikWang2013.Xhprof.Tests.Unit.Adapter.WiringTest" assertions="8" time="0.011087"/>
        <testcase name="thinkphpMiddlewareSkipsWhenDisabled" file="/home/wwwroot/erikwang2013/xhprof-webman/tests/Unit/Adapter/WiringTest.php" line="298" class="ErikWang2013\Xhprof\Tests\Unit\Adapter\WiringTest" classname="ErikWang2013.Xhprof.Tests.Unit.Adapter.WiringTest" assertions="3" time="0.002159"/>
        <testcase name="thinkphpMiddlewareFinallyRunsWhenHandlerThrows" file="/home/wwwroot/erikwang2013/xhprof-webman/tests/Unit/Adapter/WiringTest.php" line="311" class="ErikWang2013\Xhprof\Tests\Unit\Adapter\WiringTest" classname="ErikWang2013.Xhprof.Tests.Unit.Adapter.WiringTest" assertions="9" time="0.003477"/>
        <testcase name="hyperfMiddlewareRecordsWhenEnabled" file="/home/wwwroot/erikwang2013/xhprof-webman/tests/Unit/Adapter/WiringTest.php" line="357" class="ErikWang2013\Xhprof\Tests\Unit\Adapter\WiringTest" classname="ErikWang2013.Xhprof.Tests.Unit.Adapter.WiringTest" assertions="7" time="0.003050"/>
        <testcase name="hyperfMiddlewareSkipsWhenDisabled" file="/home/wwwroot/erikwang2013/xhprof-webman/tests/Unit/Adapter/WiringTest.php" line="369" class="ErikWang2013\Xhprof\Tests\Unit\Adapter\WiringTest" classname="ErikWang2013.Xhprof.Tests.Unit.Adapter.WiringTest" assertions="2" time="0.002033"/>
        <testcase name="hyperfMiddlewareFinallyRunsWhenHandlerThrows" file="/home/wwwroot/erikwang2013/xhprof-webman/tests/Unit/Adapter/WiringTest.php" line="379" class="ErikWang2013\Xhprof\Tests\Unit\Adapter\WiringTest" classname="ErikWang2013.Xhprof.Tests.Unit.Adapter.WiringTest" assertions="9" time="0.002634"/>
      </testsuite>
      <testsuite name="ErikWang2013\Xhprof\Tests\Unit\Core\StaticControllerTest" file="/home/wwwroot/erikwang2013/xhprof-webman/tests/Unit/Core/StaticControllerTest.php" tests="25" assertions="82" errors="0" failures="0" skipped="0" time="0.028918">
        <testcase name="getPackageRootPointsToPackageRoot" file="/home/wwwroot/erikwang2013/xhprof-webman/tests/Unit/Core/StaticControllerTest.php" line="26" class="ErikWang2013\Xhprof\Tests\Unit\Core\StaticControllerTest" classname="ErikWang2013.Xhprof.Tests.Unit.Core.StaticControllerTest" assertions="5" time="0.001311"/>
        <testcase name="getAssetsPathPointsToExistingHtmlDir" file="/home/wwwroot/erikwang2013/xhprof-webman/tests/Unit/Core/StaticControllerTest.php" line="38" class="ErikWang2013\Xhprof\Tests\Unit\Core\StaticControllerTest" classname="ErikWang2013.Xhprof.Tests.Unit.Core.StaticControllerTest" assertions="5" time="0.001261"/>
        <testcase name="serveReturnsFileForValidAssetPath" file="/home/wwwroot/erikwang2013/xhprof-webman/tests/Unit/Core/StaticControllerTest.php" line="50" class="ErikWang2013\Xhprof\Tests\Unit\Core\StaticControllerTest" classname="ErikWang2013.Xhprof.Tests.Unit.Core.StaticControllerTest" assertions="6" time="0.001148"/>
        <testcase name="serveAcceptsFullUrlWithQueryString" file="/home/wwwroot/erikwang2013/xhprof-webman/tests/Unit/Core/StaticControllerTest.php" line="68" class="ErikWang2013\Xhprof\Tests\Unit\Core\StaticControllerTest" classname="ErikWang2013.Xhprof.Tests.Unit.Core.StaticControllerTest" assertions="3" time="0.000966"/>
        <testcase name="serveServesJqueryFromSubdirectory" file="/home/wwwroot/erikwang2013/xhprof-webman/tests/Unit/Core/StaticControllerTest.php" line="80" class="ErikWang2013\Xhprof\Tests\Unit\Core\StaticControllerTest" classname="ErikWang2013.Xhprof.Tests.Unit.Core.StaticControllerTest" assertions="2" time="0.000948"/>
        <testcase name="serveSetsCacheControlHeaderOnly" file="/home/wwwroot/erikwang2013/xhprof-webman/tests/Unit/Core/StaticControllerTest.php" line="91" class="ErikWang2013\Xhprof\Tests\Unit\Core\StaticControllerTest" classname="ErikWang2013.Xhprof.Tests.Unit.Core.StaticControllerTest" assertions="1" time="0.001277"/>
        <testsuite name="ErikWang2013\Xhprof\Tests\Unit\Core\StaticControllerTest::serveRejectsPathTraversal" tests="7" assertions="21" errors="0" failures="0" skipped="0" time="0.007154">
          <testcase name="serveRejectsPathTraversal with data set &quot;dotdot segment&quot;" file="/home/wwwroot/erikwang2013/xhprof-webman/tests/Unit/Core/StaticControllerTest.php" line="116" class="ErikWang2013\Xhprof\Tests\Unit\Core\StaticControllerTest" classname="ErikWang2013.Xhprof.Tests.Unit.Core.StaticControllerTest" assertions="3" time="0.001037"/>
          <testcase name="serveRejectsPathTraversal with data set &quot;dotdot mid path&quot;" file="/home/wwwroot/erikwang2013/xhprof-webman/tests/Unit/Core/StaticControllerTest.php" line="116" class="ErikWang2013\Xhprof\Tests\Unit\Core\StaticControllerTest" classname="ErikWang2013.Xhprof.Tests.Unit.Core.StaticControllerTest" assertions="3" time="0.001023"/>
          <testcase name="serveRejectsPathTraversal with data set &quot;dotdot deep&quot;" file="/home/wwwroot/erikwang2013/xhprof-webman/tests/Unit/Core/StaticControllerTest.php" line="116" class="ErikWang2013\Xhprof\Tests\Unit\Core\StaticControllerTest" classname="ErikWang2013.Xhprof.Tests.Unit.Core.StaticControllerTest" assertions="3" time="0.001059"/>
          <testcase name="serveRejectsPathTraversal with data set &quot;encoded slash-dotdot&quot;" file="/home/wwwroot/erikwang2013/xhprof-webman/tests/Unit/Core/StaticControllerTest.php" line="116" class="ErikWang2013\Xhprof\Tests\Unit\Core\StaticControllerTest" classname="ErikWang2013.Xhprof.Tests.Unit.Core.StaticControllerTest" assertions="3" time="0.000971"/>
          <testcase name="serveRejectsPathTraversal with data set &quot;double encoded&quot;" file="/home/wwwroot/erikwang2013/xhprof-webman/tests/Unit/Core/StaticControllerTest.php" line="116" class="ErikWang2013\Xhprof\Tests\Unit\Core\StaticControllerTest" classname="ErikWang2013.Xhprof.Tests.Unit.Core.StaticControllerTest" assertions="3" time="0.000944"/>
          <testcase name="serveRejectsPathTraversal with data set &quot;backslash trick&quot;" file="/home/wwwroot/erikwang2013/xhprof-webman/tests/Unit/Core/StaticControllerTest.php" line="116" class="ErikWang2013\Xhprof\Tests\Unit\Core\StaticControllerTest" classname="ErikWang2013.Xhprof.Tests.Unit.Core.StaticControllerTest" assertions="3" time="0.001001"/>
          <testcase name="serveRejectsPathTraversal with data set &quot;dotdot with full url&quot;" file="/home/wwwroot/erikwang2013/xhprof-webman/tests/Unit/Core/StaticControllerTest.php" line="116" class="ErikWang2013\Xhprof\Tests\Unit\Core\StaticControllerTest" classname="ErikWang2013.Xhprof.Tests.Unit.Core.StaticControllerTest" assertions="3" time="0.001119"/>
        </testsuite>
        <testsuite name="ErikWang2013\Xhprof\Tests\Unit\Core\StaticControllerTest::serveReturnsEmptyBodyForInvalidOrNonMatchingUri" tests="7" assertions="28" errors="0" failures="0" skipped="0" time="0.009967">
          <testcase name="serveReturnsEmptyBodyForInvalidOrNonMatchingUri with data set &quot;non-prefix path&quot;" file="/home/wwwroot/erikwang2013/xhprof-webman/tests/Unit/Core/StaticControllerTest.php" line="143" class="ErikWang2013\Xhprof\Tests\Unit\Core\StaticControllerTest" classname="ErikWang2013.Xhprof.Tests.Unit.Core.StaticControllerTest" assertions="4" time="0.001033"/>
          <testcase name="serveReturnsEmptyBodyForInvalidOrNonMatchingUri with data set &quot;missing leading slash&quot;" file="/home/wwwroot/erikwang2013/xhprof-webman/tests/Unit/Core/StaticControllerTest.php" line="143" class="ErikWang2013\Xhprof\Tests\Unit\Core\StaticControllerTest" classname="ErikWang2013.Xhprof.Tests.Unit.Core.StaticControllerTest" assertions="4" time="0.001126"/>
          <testcase name="serveReturnsEmptyBodyForInvalidOrNonMatchingUri with data set &quot;prefix without slash&quot;" file="/home/wwwroot/erikwang2013/xhprof-webman/tests/Unit/Core/StaticControllerTest.php" line="143" class="ErikWang2013\Xhprof\Tests\Unit\Core\StaticControllerTest" classname="ErikWang2013.Xhprof.Tests.Unit.Core.StaticControllerTest" assertions="4" time="0.003344"/>
          <testcase name="serveReturnsEmptyBodyForInvalidOrNonMatchingUri with data set &quot;prefix with trailing slash&quot;" file="/home/wwwroot/erikwang2013/xhprof-webman/tests/Unit/Core/StaticControllerTest.php" line="143" class="ErikWang2013\Xhprof\Tests\Unit\Core\StaticControllerTest" classname="ErikWang2013.Xhprof.Tests.Unit.Core.StaticControllerTest" assertions="4" time="0.001214"/>
          <testcase name="serveReturnsEmptyBodyForInvalidOrNonMatchingUri with data set &quot;empty path&quot;" file="/home/wwwroot/erikwang2013/xhprof-webman/tests/Unit/Core/StaticControllerTest.php" line="143" class="ErikWang2013\Xhprof\Tests\Unit\Core\StaticControllerTest" classname="ErikWang2013.Xhprof.Tests.Unit.Core.StaticControllerTest" assertions="4" time="0.001124"/>
          <testcase name="serveReturnsEmptyBodyForInvalidOrNonMatchingUri with data set &quot;root&quot;" file="/home/wwwroot/erikwang2013/xhprof-webman/tests/Unit/Core/StaticControllerTest.php" line="143" class="ErikWang2013\Xhprof\Tests\Unit\Core\StaticControllerTest" classname="ErikWang2013.Xhprof.Tests.Unit.Core.StaticControllerTest" assertions="4" time="0.001089"/>
          <testcase name="serveReturnsEmptyBodyForInvalidOrNonMatchingUri with data set &quot;scheme only&quot;" file="/home/wwwroot/erikwang2013/xhprof-webman/tests/Unit/Core/StaticControllerTest.php" line="143" class="ErikWang2013\Xhprof\Tests\Unit\Core\StaticControllerTest" classname="ErikWang2013.Xhprof.Tests.Unit.Core.StaticControllerTest" assertions="4" time="0.001036"/>
        </testsuite>
        <testcase name="serveReturnsEmptyBodyForMissingFile" file="/home/wwwroot/erikwang2013/xhprof-webman/tests/Unit/Core/StaticControllerTest.php" line="156" class="ErikWang2013\Xhprof\Tests\Unit\Core\StaticControllerTest" classname="ErikWang2013.Xhprof.Tests.Unit.Core.StaticControllerTest" assertions="2" time="0.000956"/>
        <testcase name="serveReturnsEmptyBodyForEmptyUri" file="/home/wwwroot/erikwang2013/xhprof-webman/tests/Unit/Core/StaticControllerTest.php" line="167" class="ErikWang2013\Xhprof\Tests\Unit\Core\StaticControllerTest" classname="ErikWang2013.Xhprof.Tests.Unit.Core.StaticControllerTest" assertions="2" time="0.000920"/>
        <testcase name="serveDoesNotLeakParentDirectoryContent" file="/home/wwwroot/erikwang2013/xhprof-webman/tests/Unit/Core/StaticControllerTest.php" line="179" class="ErikWang2013\Xhprof\Tests\Unit\Core\StaticControllerTest" classname="ErikWang2013.Xhprof.Tests.Unit.Core.StaticControllerTest" assertions="3" time="0.001112"/>
        <testcase name="serveRejectsSiblingRealpathOutsideAssets" file="/home/wwwroot/erikwang2013/xhprof-webman/tests/Unit/Core/StaticControllerTest.php" line="194" class="ErikWang2013\Xhprof\Tests\Unit\Core\StaticControllerTest" classname="ErikWang2013.Xhprof.Tests.Unit.Core.StaticControllerTest" assertions="2" time="0.000929"/>
        <testcase name="serveIsIdempotentAcrossCalls" file="/home/wwwroot/erikwang2013/xhprof-webman/tests/Unit/Core/StaticControllerTest.php" line="206" class="ErikWang2013\Xhprof\Tests\Unit\Core\StaticControllerTest" classname="ErikWang2013.Xhprof.Tests.Unit.Core.StaticControllerTest" assertions="2" time="0.000968"/>
      </testsuite>
      <testsuite name="ErikWang2013\Xhprof\Tests\Unit\Core\XhprofProfilerTest" file="/home/wwwroot/erikwang2013/xhprof-webman/tests/Unit/Core/XhprofProfilerTest.php" tests="13" assertions="28" errors="0" failures="0" skipped="0" time="0.015326">
        <testcase name="initRunsWithoutError" file="/home/wwwroot/erikwang2013/xhprof-webman/tests/Unit/Core/XhprofProfilerTest.php" line="101" class="ErikWang2013\Xhprof\Tests\Unit\Core\XhprofProfilerTest" classname="ErikWang2013.Xhprof.Tests.Unit.Core.XhprofProfilerTest" assertions="1" time="0.001267"/>
        <testcase name="startStopRoundTripSavesRunToCache" file="/home/wwwroot/erikwang2013/xhprof-webman/tests/Unit/Core/XhprofProfilerTest.php" line="108" class="ErikWang2013\Xhprof\Tests\Unit\Core\XhprofProfilerTest" classname="ErikWang2013.Xhprof.Tests.Unit.Core.XhprofProfilerTest" assertions="4" time="0.001841"/>
        <testcase name="startStopWhenTimeLimitExceededSkipsSave" file="/home/wwwroot/erikwang2013/xhprof-webman/tests/Unit/Core/XhprofProfilerTest.php" line="134" class="ErikWang2013\Xhprof\Tests\Unit\Core\XhprofProfilerTest" classname="ErikWang2013.Xhprof.Tests.Unit.Core.XhprofProfilerTest" assertions="1" time="0.001255"/>
        <testcase name="bootstrapMapsConfigToStatics" file="/home/wwwroot/erikwang2013/xhprof-webman/tests/Unit/Core/XhprofProfilerTest.php" line="150" class="ErikWang2013\Xhprof\Tests\Unit\Core\XhprofProfilerTest" classname="ErikWang2013.Xhprof.Tests.Unit.Core.XhprofProfilerTest" assertions="5" time="0.001033"/>
        <testcase name="bootstrapAppliesDefaultsForMissingConfigKeys" file="/home/wwwroot/erikwang2013/xhprof-webman/tests/Unit/Core/XhprofProfilerTest.php" line="171" class="ErikWang2013\Xhprof\Tests\Unit\Core\XhprofProfilerTest" classname="ErikWang2013.Xhprof.Tests.Unit.Core.XhprofProfilerTest" assertions="5" time="0.001127"/>
        <testcase name="bootstrapReadsNumericStringsAsInts" file="/home/wwwroot/erikwang2013/xhprof-webman/tests/Unit/Core/XhprofProfilerTest.php" line="188" class="ErikWang2013\Xhprof\Tests\Unit\Core\XhprofProfilerTest" classname="ErikWang2013.Xhprof.Tests.Unit.Core.XhprofProfilerTest" assertions="4" time="0.001098"/>
        <testcase name="bootstrapWithNullConfigLeavesStaticsUntouched" file="/home/wwwroot/erikwang2013/xhprof-webman/tests/Unit/Core/XhprofProfilerTest.php" line="207" class="ErikWang2013\Xhprof\Tests\Unit\Core\XhprofProfilerTest" classname="ErikWang2013.Xhprof.Tests.Unit.Core.XhprofProfilerTest" assertions="1" time="0.001034"/>
        <testcase name="profilerBootstrapWithNullConfigReturnsEarly" file="/home/wwwroot/erikwang2013/xhprof-webman/tests/Unit/Core/XhprofProfilerTest.php" line="220" class="ErikWang2013\Xhprof\Tests\Unit\Core\XhprofProfilerTest" classname="ErikWang2013.Xhprof.Tests.Unit.Core.XhprofProfilerTest" assertions="2" time="0.001015"/>
        <testcase name="isEnabledReturnsTrueWhenEnableSet" file="/home/wwwroot/erikwang2013/xhprof-webman/tests/Unit/Core/XhprofProfilerTest.php" line="234" class="ErikWang2013\Xhprof\Tests\Unit\Core\XhprofProfilerTest" classname="ErikWang2013.Xhprof.Tests.Unit.Core.XhprofProfilerTest" assertions="1" time="0.001086"/>
        <testcase name="isEnabledReturnsFalseWhenEnableMissing" file="/home/wwwroot/erikwang2013/xhprof-webman/tests/Unit/Core/XhprofProfilerTest.php" line="243" class="ErikWang2013\Xhprof\Tests\Unit\Core\XhprofProfilerTest" classname="ErikWang2013.Xhprof.Tests.Unit.Core.XhprofProfilerTest" assertions="1" time="0.001280"/>
        <testcase name="isEnabledReturnsFalseWhenEnableFalse" file="/home/wwwroot/erikwang2013/xhprof-webman/tests/Unit/Core/XhprofProfilerTest.php" line="249" class="ErikWang2013\Xhprof\Tests\Unit\Core\XhprofProfilerTest" classname="ErikWang2013.Xhprof.Tests.Unit.Core.XhprofProfilerTest" assertions="1" time="0.001088"/>
        <testcase name="isEnabledReturnsFalseWhenEnableIsNonBooleanTruthy" file="/home/wwwroot/erikwang2013/xhprof-webman/tests/Unit/Core/XhprofProfilerTest.php" line="258" class="ErikWang2013\Xhprof\Tests\Unit\Core\XhprofProfilerTest" classname="ErikWang2013.Xhprof.Tests.Unit.Core.XhprofProfilerTest" assertions="1" time="0.001116"/>
        <testcase name="isEnabledReturnsFalseWhenNoConfigBound" file="/home/wwwroot/erikwang2013/xhprof-webman/tests/Unit/Core/XhprofProfilerTest.php" line="268" class="ErikWang2013\Xhprof\Tests\Unit\Core\XhprofProfilerTest" classname="ErikWang2013.Xhprof.Tests.Unit.Core.XhprofProfilerTest" assertions="1" time="0.001085"/>
      </testsuite>
      <testsuite name="ErikWang2013\Xhprof\Tests\Unit\Core\XhprofTest" file="/home/wwwroot/erikwang2013/xhprof-webman/tests/Unit/Core/XhprofTest.php" tests="43" assertions="107" errors="0" failures="0" skipped="0" time="0.550711">
        <testcase name="bootstrapInjectsAdaptersIntoStatics" file="/home/wwwroot/erikwang2013/xhprof-webman/tests/Unit/Core/XhprofTest.php" line="78" class="ErikWang2013\Xhprof\Tests\Unit\Core\XhprofTest" classname="ErikWang2013.Xhprof.Tests.Unit.Core.XhprofTest" assertions="5" time="0.001206"/>
        <testcase name="gettersReturnInjectedAdapters" file="/home/wwwroot/erikwang2013/xhprof-webman/tests/Unit/Core/XhprofTest.php" line="88" class="ErikWang2013\Xhprof\Tests\Unit\Core\XhprofTest" classname="ErikWang2013.Xhprof.Tests.Unit.Core.XhprofTest" assertions="7" time="0.001089"/>
        <testcase name="gettersReturnNullWhenNotBootstrapped" file="/home/wwwroot/erikwang2013/xhprof-webman/tests/Unit/Core/XhprofTest.php" line="100" class="ErikWang2013\Xhprof\Tests\Unit\Core\XhprofTest" classname="ErikWang2013.Xhprof.Tests.Unit.Core.XhprofTest" assertions="5" time="0.001134"/>
        <testcase name="bootstrapWithoutArgumentsAutoDetectsHyperf" file="/home/wwwroot/erikwang2013/xhprof-webman/tests/Unit/Core/XhprofTest.php" line="132" class="ErikWang2013\Xhprof\Tests\Unit\Core\XhprofTest" classname="ErikWang2013.Xhprof.Tests.Unit.Core.XhprofTest" assertions="6" time="0.001500"/>
        <testcase name="bootstrapWithoutArgumentsAndMissingBindingsThrows" file="/home/wwwroot/erikwang2013/xhprof-webman/tests/Unit/Core/XhprofTest.php" line="147" class="ErikWang2013\Xhprof\Tests\Unit\Core\XhprofTest" classname="ErikWang2013.Xhprof.Tests.Unit.Core.XhprofTest" assertions="1" time="0.001874"/>
        <testcase name="hyperfModeStoresAdaptersInCoroutineContext" file="/home/wwwroot/erikwang2013/xhprof-webman/tests/Unit/Core/XhprofTest.php" line="155" class="ErikWang2013\Xhprof\Tests\Unit\Core\XhprofTest" classname="ErikWang2013.Xhprof.Tests.Unit.Core.XhprofTest" assertions="6" time="0.001288"/>
        <testcase name="hyperfModeIndexEnforcesAuthToken" file="/home/wwwroot/erikwang2013/xhprof-webman/tests/Unit/Core/XhprofTest.php" line="173" class="ErikWang2013\Xhprof\Tests\Unit\Core\XhprofTest" classname="ErikWang2013.Xhprof.Tests.Unit.Core.XhprofTest" assertions="2" time="0.001473"/>
        <testcase name="indexReturns403ForbiddenWithoutToken" file="/home/wwwroot/erikwang2013/xhprof-webman/tests/Unit/Core/XhprofTest.php" line="185" class="ErikWang2013\Xhprof\Tests\Unit\Core\XhprofTest" classname="ErikWang2013.Xhprof.Tests.Unit.Core.XhprofTest" assertions="3" time="0.001350"/>
        <testcase name="indexReturns403ForbiddenWithWrongToken" file="/home/wwwroot/erikwang2013/xhprof-webman/tests/Unit/Core/XhprofTest.php" line="198" class="ErikWang2013\Xhprof\Tests\Unit\Core\XhprofTest" classname="ErikWang2013.Xhprof.Tests.Unit.Core.XhprofTest" assertions="2" time="0.001266"/>
        <testcase name="indexAllowsRequestWithCorrectToken" file="/home/wwwroot/erikwang2013/xhprof-webman/tests/Unit/Core/XhprofTest.php" line="211" class="ErikWang2013\Xhprof\Tests\Unit\Core\XhprofTest" classname="ErikWang2013.Xhprof.Tests.Unit.Core.XhprofTest" assertions="4" time="0.453299"/>
        <testcase name="indexReturns400ForInvalidRunId" file="/home/wwwroot/erikwang2013/xhprof-webman/tests/Unit/Core/XhprofTest.php" line="228" class="ErikWang2013\Xhprof\Tests\Unit\Core\XhprofTest" classname="ErikWang2013.Xhprof.Tests.Unit.Core.XhprofTest" assertions="3" time="0.001515"/>
        <testsuite name="ErikWang2013\Xhprof\Tests\Unit\Core\XhprofTest::indexReturns400ForInvalidRunIdVariants" tests="7" assertions="14" errors="0" failures="0" skipped="0" time="0.012320">
          <testcase name="indexReturns400ForInvalidRunIdVariants with data set &quot;path traversal&quot;" file="/home/wwwroot/erikwang2013/xhprof-webman/tests/Unit/Core/XhprofTest.php" line="256" class="ErikWang2013\Xhprof\Tests\Unit\Core\XhprofTest" classname="ErikWang2013.Xhprof.Tests.Unit.Core.XhprofTest" assertions="2" time="0.001508"/>
          <testcase name="indexReturns400ForInvalidRunIdVariants with data set &quot;too short&quot;" file="/home/wwwroot/erikwang2013/xhprof-webman/tests/Unit/Core/XhprofTest.php" line="256" class="ErikWang2013\Xhprof\Tests\Unit\Core\XhprofTest" classname="ErikWang2013.Xhprof.Tests.Unit.Core.XhprofTest" assertions="2" time="0.003052"/>
          <testcase name="indexReturns400ForInvalidRunIdVariants with data set &quot;non-hex char&quot;" file="/home/wwwroot/erikwang2013/xhprof-webman/tests/Unit/Core/XhprofTest.php" line="256" class="ErikWang2013\Xhprof\Tests\Unit\Core\XhprofTest" classname="ErikWang2013.Xhprof.Tests.Unit.Core.XhprofTest" assertions="2" time="0.001516"/>
          <testcase name="indexReturns400ForInvalidRunIdVariants with data set &quot;uppercase non-hex&quot;" file="/home/wwwroot/erikwang2013/xhprof-webman/tests/Unit/Core/XhprofTest.php" line="256" class="ErikWang2013\Xhprof\Tests\Unit\Core\XhprofTest" classname="ErikWang2013.Xhprof.Tests.Unit.Core.XhprofTest" assertions="2" time="0.001577"/>
          <testcase name="indexReturns400ForInvalidRunIdVariants with data set &quot;too long&quot;" file="/home/wwwroot/erikwang2013/xhprof-webman/tests/Unit/Core/XhprofTest.php" line="256" class="ErikWang2013\Xhprof\Tests\Unit\Core\XhprofTest" classname="ErikWang2013.Xhprof.Tests.Unit.Core.XhprofTest" assertions="2" time="0.001463"/>
          <testcase name="indexReturns400ForInvalidRunIdVariants with data set &quot;empty-ish whitespace&quot;" file="/home/wwwroot/erikwang2013/xhprof-webman/tests/Unit/Core/XhprofTest.php" line="256" class="ErikWang2013\Xhprof\Tests\Unit\Core\XhprofTest" classname="ErikWang2013.Xhprof.Tests.Unit.Core.XhprofTest" assertions="2" time="0.001415"/>
          <testcase name="indexReturns400ForInvalidRunIdVariants with data set &quot;slash inside&quot;" file="/home/wwwroot/erikwang2013/xhprof-webman/tests/Unit/Core/XhprofTest.php" line="256" class="ErikWang2013\Xhprof\Tests\Unit\Core\XhprofTest" classname="ErikWang2013.Xhprof.Tests.Unit.Core.XhprofTest" assertions="2" time="0.001790"/>
        </testsuite>
        <testsuite name="ErikWang2013\Xhprof\Tests\Unit\Core\XhprofTest::indexReturns400ForInvalidRun1Variant" tests="7" assertions="7" errors="0" failures="0" skipped="0" time="0.011667">
          <testcase name="indexReturns400ForInvalidRun1Variant with data set &quot;path traversal&quot;" file="/home/wwwroot/erikwang2013/xhprof-webman/tests/Unit/Core/XhprofTest.php" line="269" class="ErikWang2013\Xhprof\Tests\Unit\Core\XhprofTest" classname="ErikWang2013.Xhprof.Tests.Unit.Core.XhprofTest" assertions="1" time="0.002104"/>
          <testcase name="indexReturns400ForInvalidRun1Variant with data set &quot;too short&quot;" file="/home/wwwroot/erikwang2013/xhprof-webman/tests/Unit/Core/XhprofTest.php" line="269" class="ErikWang2013\Xhprof\Tests\Unit\Core\XhprofTest" classname="ErikWang2013.Xhprof.Tests.Unit.Core.XhprofTest" assertions="1" time="0.001858"/>
          <testcase name="indexReturns400ForInvalidRun1Variant with data set &quot;non-hex char&quot;" file="/home/wwwroot/erikwang2013/xhprof-webman/tests/Unit/Core/XhprofTest.php" line="269" class="ErikWang2013\Xhprof\Tests\Unit\Core\XhprofTest" classname="ErikWang2013.Xhprof.Tests.Unit.Core.XhprofTest" assertions="1" time="0.001494"/>
          <testcase name="indexReturns400ForInvalidRun1Variant with data set &quot;uppercase non-hex&quot;" file="/home/wwwroot/erikwang2013/xhprof-webman/tests/Unit/Core/XhprofTest.php" line="269" class="ErikWang2013\Xhprof\Tests\Unit\Core\XhprofTest" classname="ErikWang2013.Xhprof.Tests.Unit.Core.XhprofTest" assertions="1" time="0.001522"/>
          <testcase name="indexReturns400ForInvalidRun1Variant with data set &quot;too long&quot;" file="/home/wwwroot/erikwang2013/xhprof-webman/tests/Unit/Core/XhprofTest.php" line="269" class="ErikWang2013\Xhprof\Tests\Unit\Core\XhprofTest" classname="ErikWang2013.Xhprof.Tests.Unit.Core.XhprofTest" assertions="1" time="0.001477"/>
          <testcase name="indexReturns400ForInvalidRun1Variant with data set &quot;empty-ish whitespace&quot;" file="/home/wwwroot/erikwang2013/xhprof-webman/tests/Unit/Core/XhprofTest.php" line="269" class="ErikWang2013\Xhprof\Tests\Unit\Core\XhprofTest" classname="ErikWang2013.Xhprof.Tests.Unit.Core.XhprofTest" assertions="1" time="0.001477"/>
          <testcase name="indexReturns400ForInvalidRun1Variant with data set &quot;slash inside&quot;" file="/home/wwwroot/erikwang2013/xhprof-webman/tests/Unit/Core/XhprofTest.php" line="269" class="ErikWang2013\Xhprof\Tests\Unit\Core\XhprofTest" classname="ErikWang2013.Xhprof.Tests.Unit.Core.XhprofTest" assertions="1" time="0.001736"/>
        </testsuite>
        <testcase name="indexReturns400WhenAnyIdInCommaSeparatedRunIsInvalid" file="/home/wwwroot/erikwang2013/xhprof-webman/tests/Unit/Core/XhprofTest.php" line="280" class="ErikWang2013\Xhprof\Tests\Unit\Core\XhprofTest" classname="ErikWang2013.Xhprof.Tests.Unit.Core.XhprofTest" assertions="2" time="0.001468"/>
        <testsuite name="ErikWang2013\Xhprof\Tests\Unit\Core\XhprofTest::indexReturns400ForInvalidSource" tests="5" assertions="10" errors="0" failures="0" skipped="0" time="0.008780">
          <testcase name="indexReturns400ForInvalidSource with data set &quot;path traversal&quot;" file="/home/wwwroot/erikwang2013/xhprof-webman/tests/Unit/Core/XhprofTest.php" line="305" class="ErikWang2013\Xhprof\Tests\Unit\Core\XhprofTest" classname="ErikWang2013.Xhprof.Tests.Unit.Core.XhprofTest" assertions="2" time="0.001507"/>
          <testcase name="indexReturns400ForInvalidSource with data set &quot;uppercase&quot;" file="/home/wwwroot/erikwang2013/xhprof-webman/tests/Unit/Core/XhprofTest.php" line="305" class="ErikWang2013\Xhprof\Tests\Unit\Core\XhprofTest" classname="ErikWang2013.Xhprof.Tests.Unit.Core.XhprofTest" assertions="2" time="0.001822"/>
          <testcase name="indexReturns400ForInvalidSource with data set &quot;space&quot;" file="/home/wwwroot/erikwang2013/xhprof-webman/tests/Unit/Core/XhprofTest.php" line="305" class="ErikWang2013\Xhprof\Tests\Unit\Core\XhprofTest" classname="ErikWang2013.Xhprof.Tests.Unit.Core.XhprofTest" assertions="2" time="0.001762"/>
          <testcase name="indexReturns400ForInvalidSource with data set &quot;too long&quot;" file="/home/wwwroot/erikwang2013/xhprof-webman/tests/Unit/Core/XhprofTest.php" line="305" class="ErikWang2013\Xhprof\Tests\Unit\Core\XhprofTest" classname="ErikWang2013.Xhprof.Tests.Unit.Core.XhprofTest" assertions="2" time="0.001881"/>
          <testcase name="indexReturns400ForInvalidSource with data set &quot;empty string&quot;" file="/home/wwwroot/erikwang2013/xhprof-webman/tests/Unit/Core/XhprofTest.php" line="305" class="ErikWang2013\Xhprof\Tests\Unit\Core\XhprofTest" classname="ErikWang2013.Xhprof.Tests.Unit.Core.XhprofTest" assertions="2" time="0.001809"/>
        </testsuite>
        <testcase name="indexReturnsHtmlForValidRunWithSeededData" file="/home/wwwroot/erikwang2013/xhprof-webman/tests/Unit/Core/XhprofTest.php" line="317" class="ErikWang2013\Xhprof\Tests\Unit\Core\XhprofTest" classname="ErikWang2013.Xhprof.Tests.Unit.Core.XhprofTest" assertions="7" time="0.004002"/>
        <testcase name="indexListsRunsWhenNoRunParamGiven" file="/home/wwwroot/erikwang2013/xhprof-webman/tests/Unit/Core/XhprofTest.php" line="336" class="ErikWang2013\Xhprof\Tests\Unit\Core\XhprofTest" classname="ErikWang2013.Xhprof.Tests.Unit.Core.XhprofTest" assertions="3" time="0.006014"/>
        <testcase name="indexUsesConfiguredAssetsUrl" file="/home/wwwroot/erikwang2013/xhprof-webman/tests/Unit/Core/XhprofTest.php" line="346" class="ErikWang2013\Xhprof\Tests\Unit\Core\XhprofTest" classname="ErikWang2013.Xhprof.Tests.Unit.Core.XhprofTest" assertions="2" time="0.004480"/>
        <testcase name="indexFallsBackToUiHtmlStaticWhenNoAssetsUrl" file="/home/wwwroot/erikwang2013/xhprof-webman/tests/Unit/Core/XhprofTest.php" line="358" class="ErikWang2013\Xhprof\Tests\Unit\Core\XhprofTest" classname="ErikWang2013.Xhprof.Tests.Unit.Core.XhprofTest" assertions="2" time="0.006884"/>
        <testcase name="indexUsesCustomKeyPrefixForCacheLookup" file="/home/wwwroot/erikwang2013/xhprof-webman/tests/Unit/Core/XhprofTest.php" line="368" class="ErikWang2013\Xhprof\Tests\Unit\Core\XhprofTest" classname="ErikWang2013.Xhprof.Tests.Unit.Core.XhprofTest" assertions="1" time="0.003419"/>
        <testcase name="indexWithSymbolParamRendersHtml" file="/home/wwwroot/erikwang2013/xhprof-webman/tests/Unit/Core/XhprofTest.php" line="386" class="ErikWang2013\Xhprof\Tests\Unit\Core\XhprofTest" classname="ErikWang2013.Xhprof.Tests.Unit.Core.XhprofTest" assertions="2" time="0.006029"/>
        <testcase name="denyWithoutResponseBoundReturnsBody" file="/home/wwwroot/erikwang2013/xhprof-webman/tests/Unit/Core/XhprofTest.php" line="400" class="ErikWang2013\Xhprof\Tests\Unit\Core\XhprofTest" classname="ErikWang2013.Xhprof.Tests.Unit.Core.XhprofTest" assertions="2" time="0.001212"/>
        <testcase name="denyForBadRequestWithoutResponseBoundReturnsBody" file="/home/wwwroot/erikwang2013/xhprof-webman/tests/Unit/Core/XhprofTest.php" line="413" class="ErikWang2013\Xhprof\Tests\Unit\Core\XhprofTest" classname="ErikWang2013.Xhprof.Tests.Unit.Core.XhprofTest" assertions="2" time="0.002089"/>
        <testcase name="indexWithArrayRunValueDenied" file="/home/wwwroot/erikwang2013/xhprof-webman/tests/Unit/Core/XhprofTest.php" line="425" class="ErikWang2013\Xhprof\Tests\Unit\Core\XhprofTest" classname="ErikWang2013.Xhprof.Tests.Unit.Core.XhprofTest" assertions="2" time="0.001838"/>
        <testcase name="indexWithTwoRunsAndNoWtsRendersHtml" file="/home/wwwroot/erikwang2013/xhprof-webman/tests/Unit/Core/XhprofTest.php" line="437" class="ErikWang2013\Xhprof\Tests\Unit\Core\XhprofTest" classname="ErikWang2013.Xhprof.Tests.Unit.Core.XhprofTest" assertions="2" time="0.004134"/>
        <testcase name="indexWithUnknownRunIdRendersGracefully" file="/home/wwwroot/erikwang2013/xhprof-webman/tests/Unit/Core/XhprofTest.php" line="451" class="ErikWang2013\Xhprof\Tests\Unit\Core\XhprofTest" classname="ErikWang2013.Xhprof.Tests.Unit.Core.XhprofTest" assertions="2" time="0.007171"/>
        <testcase name="xhprofStartStopRunsWithoutError" file="/home/wwwroot/erikwang2013/xhprof-webman/tests/Unit/Core/XhprofTest.php" line="463" class="ErikWang2013\Xhprof\Tests\Unit\Core\XhprofTest" classname="ErikWang2013.Xhprof.Tests.Unit.Core.XhprofTest" assertions="3" time="0.002210"/>
      </testsuite>
      <testsuite name="ErikWang2013\Xhprof\Tests\Unit\Lib\XHProfRunsDefaultTest" file="/home/wwwroot/erikwang2013/xhprof-webman/tests/Unit/Lib/XHProfRunsDefaultTest.php" tests="34" assertions="57" errors="0" failures="0" skipped="0" time="0.065998">
        <testsuite name="ErikWang2013\Xhprof\Tests\Unit\Lib\XHProfRunsDefaultTest::validRunIdAcceptsHexIds" tests="3" assertions="3" errors="0" failures="0" skipped="0" time="0.004847">
          <testcase name="validRunIdAcceptsHexIds with data set &quot;16 hex chars&quot;" file="/home/wwwroot/erikwang2013/xhprof-webman/tests/Unit/Lib/XHProfRunsDefaultTest.php" line="110" class="ErikWang2013\Xhprof\Tests\Unit\Lib\XHProfRunsDefaultTest" classname="ErikWang2013.Xhprof.Tests.Unit.Lib.XHProfRunsDefaultTest" assertions="1" time="0.001801"/>
          <testcase name="validRunIdAcceptsHexIds with data set &quot;13 hex chars&quot;" file="/home/wwwroot/erikwang2013/xhprof-webman/tests/Unit/Lib/XHProfRunsDefaultTest.php" line="110" class="ErikWang2013\Xhprof\Tests\Unit\Lib\XHProfRunsDefaultTest" classname="ErikWang2013.Xhprof.Tests.Unit.Lib.XHProfRunsDefaultTest" assertions="1" time="0.001421"/>
          <testcase name="validRunIdAcceptsHexIds with data set &quot;32 hex chars&quot;" file="/home/wwwroot/erikwang2013/xhprof-webman/tests/Unit/Lib/XHProfRunsDefaultTest.php" line="110" class="ErikWang2013\Xhprof\Tests\Unit\Lib\XHProfRunsDefaultTest" classname="ErikWang2013.Xhprof.Tests.Unit.Lib.XHProfRunsDefaultTest" assertions="1" time="0.001625"/>
        </testsuite>
        <testsuite name="ErikWang2013\Xhprof\Tests\Unit\Lib\XHProfRunsDefaultTest::validRunIdRejectsInvalidIds" tests="8" assertions="8" errors="0" failures="0" skipped="0" time="0.023207">
          <testcase name="validRunIdRejectsInvalidIds with data set &quot;uppercase&quot;" file="/home/wwwroot/erikwang2013/xhprof-webman/tests/Unit/Lib/XHProfRunsDefaultTest.php" line="126" class="ErikWang2013\Xhprof\Tests\Unit\Lib\XHProfRunsDefaultTest" classname="ErikWang2013.Xhprof.Tests.Unit.Lib.XHProfRunsDefaultTest" assertions="1" time="0.001698"/>
          <testcase name="validRunIdRejectsInvalidIds with data set &quot;non hex char&quot;" file="/home/wwwroot/erikwang2013/xhprof-webman/tests/Unit/Lib/XHProfRunsDefaultTest.php" line="126" class="ErikWang2013\Xhprof\Tests\Unit\Lib\XHProfRunsDefaultTest" classname="ErikWang2013.Xhprof.Tests.Unit.Lib.XHProfRunsDefaultTest" assertions="1" time="0.001513"/>
          <testcase name="validRunIdRejectsInvalidIds with data set &quot;too short&quot;" file="/home/wwwroot/erikwang2013/xhprof-webman/tests/Unit/Lib/XHProfRunsDefaultTest.php" line="126" class="ErikWang2013\Xhprof\Tests\Unit\Lib\XHProfRunsDefaultTest" classname="ErikWang2013.Xhprof.Tests.Unit.Lib.XHProfRunsDefaultTest" assertions="1" time="0.001378"/>
          <testcase name="validRunIdRejectsInvalidIds with data set &quot;too long&quot;" file="/home/wwwroot/erikwang2013/xhprof-webman/tests/Unit/Lib/XHProfRunsDefaultTest.php" line="126" class="ErikWang2013\Xhprof\Tests\Unit\Lib\XHProfRunsDefaultTest" classname="ErikWang2013.Xhprof.Tests.Unit.Lib.XHProfRunsDefaultTest" assertions="1" time="0.001291"/>
          <testcase name="validRunIdRejectsInvalidIds with data set &quot;empty string&quot;" file="/home/wwwroot/erikwang2013/xhprof-webman/tests/Unit/Lib/XHProfRunsDefaultTest.php" line="126" class="ErikWang2013\Xhprof\Tests\Unit\Lib\XHProfRunsDefaultTest" classname="ErikWang2013.Xhprof.Tests.Unit.Lib.XHProfRunsDefaultTest" assertions="1" time="0.001178"/>
          <testcase name="validRunIdRejectsInvalidIds with data set &quot;null&quot;" file="/home/wwwroot/erikwang2013/xhprof-webman/tests/Unit/Lib/XHProfRunsDefaultTest.php" line="126" class="ErikWang2013\Xhprof\Tests\Unit\Lib\XHProfRunsDefaultTest" classname="ErikWang2013.Xhprof.Tests.Unit.Lib.XHProfRunsDefaultTest" assertions="1" time="0.013595"/>
          <testcase name="validRunIdRejectsInvalidIds with data set &quot;integer&quot;" file="/home/wwwroot/erikwang2013/xhprof-webman/tests/Unit/Lib/XHProfRunsDefaultTest.php" line="126" class="ErikWang2013\Xhprof\Tests\Unit\Lib\XHProfRunsDefaultTest" classname="ErikWang2013.Xhprof.Tests.Unit.Lib.XHProfRunsDefaultTest" assertions="1" time="0.001282"/>
          <testcase name="validRunIdRejectsInvalidIds with data set &quot;leading space&quot;" file="/home/wwwroot/erikwang2013/xhprof-webman/tests/Unit/Lib/XHProfRunsDefaultTest.php" line="126" class="ErikWang2013\Xhprof\Tests\Unit\Lib\XHProfRunsDefaultTest" classname="ErikWang2013.Xhprof.Tests.Unit.Lib.XHProfRunsDefaultTest" assertions="1" time="0.001272"/>
        </testsuite>
        <testsuite name="ErikWang2013\Xhprof\Tests\Unit\Lib\XHProfRunsDefaultTest::validSourceAcceptsNames" tests="4" assertions="4" errors="0" failures="0" skipped="0" time="0.005338">
          <testcase name="validSourceAcceptsNames with data set &quot;underscore&quot;" file="/home/wwwroot/erikwang2013/xhprof-webman/tests/Unit/Lib/XHProfRunsDefaultTest.php" line="147" class="ErikWang2013\Xhprof\Tests\Unit\Lib\XHProfRunsDefaultTest" classname="ErikWang2013.Xhprof.Tests.Unit.Lib.XHProfRunsDefaultTest" assertions="1" time="0.001416"/>
          <testcase name="validSourceAcceptsNames with data set &quot;single char&quot;" file="/home/wwwroot/erikwang2013/xhprof-webman/tests/Unit/Lib/XHProfRunsDefaultTest.php" line="147" class="ErikWang2013\Xhprof\Tests\Unit\Lib\XHProfRunsDefaultTest" classname="ErikWang2013.Xhprof.Tests.Unit.Lib.XHProfRunsDefaultTest" assertions="1" time="0.001341"/>
          <testcase name="validSourceAcceptsNames with data set &quot;dash and dot&quot;" file="/home/wwwroot/erikwang2013/xhprof-webman/tests/Unit/Lib/XHProfRunsDefaultTest.php" line="147" class="ErikWang2013\Xhprof\Tests\Unit\Lib\XHProfRunsDefaultTest" classname="ErikWang2013.Xhprof.Tests.Unit.Lib.XHProfRunsDefaultTest" assertions="1" time="0.001334"/>
          <testcase name="validSourceAcceptsNames with data set &quot;64 chars&quot;" file="/home/wwwroot/erikwang2013/xhprof-webman/tests/Unit/Lib/XHProfRunsDefaultTest.php" line="147" class="ErikWang2013\Xhprof\Tests\Unit\Lib\XHProfRunsDefaultTest" classname="ErikWang2013.Xhprof.Tests.Unit.Lib.XHProfRunsDefaultTest" assertions="1" time="0.001247"/>
        </testsuite>
        <testsuite name="ErikWang2013\Xhprof\Tests\Unit\Lib\XHProfRunsDefaultTest::validSourceRejectsInvalidNames" tests="7" assertions="7" errors="0" failures="0" skipped="0" time="0.014714">
          <testcase name="validSourceRejectsInvalidNames with data set &quot;uppercase&quot;" file="/home/wwwroot/erikwang2013/xhprof-webman/tests/Unit/Lib/XHProfRunsDefaultTest.php" line="164" class="ErikWang2013\Xhprof\Tests\Unit\Lib\XHProfRunsDefaultTest" classname="ErikWang2013.Xhprof.Tests.Unit.Lib.XHProfRunsDefaultTest" assertions="1" time="0.001338"/>
          <testcase name="validSourceRejectsInvalidNames with data set &quot;empty string&quot;" file="/home/wwwroot/erikwang2013/xhprof-webman/tests/Unit/Lib/XHProfRunsDefaultTest.php" line="164" class="ErikWang2013\Xhprof\Tests\Unit\Lib\XHProfRunsDefaultTest" classname="ErikWang2013.Xhprof.Tests.Unit.Lib.XHProfRunsDefaultTest" assertions="1" time="0.001304"/>
          <testcase name="validSourceRejectsInvalidNames with data set &quot;65 chars&quot;" file="/home/wwwroot/erikwang2013/xhprof-webman/tests/Unit/Lib/XHProfRunsDefaultTest.php" line="164" class="ErikWang2013\Xhprof\Tests\Unit\Lib\XHProfRunsDefaultTest" classname="ErikWang2013.Xhprof.Tests.Unit.Lib.XHProfRunsDefaultTest" assertions="1" time="0.001256"/>
          <testcase name="validSourceRejectsInvalidNames with data set &quot;space&quot;" file="/home/wwwroot/erikwang2013/xhprof-webman/tests/Unit/Lib/XHProfRunsDefaultTest.php" line="164" class="ErikWang2013\Xhprof\Tests\Unit\Lib\XHProfRunsDefaultTest" classname="ErikWang2013.Xhprof.Tests.Unit.Lib.XHProfRunsDefaultTest" assertions="1" time="0.001449"/>
          <testcase name="validSourceRejectsInvalidNames with data set &quot;slash&quot;" file="/home/wwwroot/erikwang2013/xhprof-webman/tests/Unit/Lib/XHProfRunsDefaultTest.php" line="164" class="ErikWang2013\Xhprof\Tests\Unit\Lib\XHProfRunsDefaultTest" classname="ErikWang2013.Xhprof.Tests.Unit.Lib.XHProfRunsDefaultTest" assertions="1" time="0.001310"/>
          <testcase name="validSourceRejectsInvalidNames with data set &quot;null&quot;" file="/home/wwwroot/erikwang2013/xhprof-webman/tests/Unit/Lib/XHProfRunsDefaultTest.php" line="164" class="ErikWang2013\Xhprof\Tests\Unit\Lib\XHProfRunsDefaultTest" classname="ErikWang2013.Xhprof.Tests.Unit.Lib.XHProfRunsDefaultTest" assertions="1" time="0.001366"/>
          <testcase name="validSourceRejectsInvalidNames with data set &quot;integer&quot;" file="/home/wwwroot/erikwang2013/xhprof-webman/tests/Unit/Lib/XHProfRunsDefaultTest.php" line="164" class="ErikWang2013\Xhprof\Tests\Unit\Lib\XHProfRunsDefaultTest" classname="ErikWang2013.Xhprof.Tests.Unit.Lib.XHProfRunsDefaultTest" assertions="1" time="0.006690"/>
        </testsuite>
        <testcase name="getRunReturnsUnserializedData" file="/home/wwwroot/erikwang2013/xhprof-webman/tests/Unit/Lib/XHProfRunsDefaultTest.php" line="183" class="ErikWang2013\Xhprof\Tests\Unit\Lib\XHProfRunsDefaultTest" classname="ErikWang2013.Xhprof.Tests.Unit.Lib.XHProfRunsDefaultTest" assertions="2" time="0.001188"/>
        <testcase name="getRunRejectsInvalidRunIdWithoutTouchingCache" file="/home/wwwroot/erikwang2013/xhprof-webman/tests/Unit/Lib/XHProfRunsDefaultTest.php" line="194" class="ErikWang2013\Xhprof\Tests\Unit\Lib\XHProfRunsDefaultTest" classname="ErikWang2013.Xhprof.Tests.Unit.Lib.XHProfRunsDefaultTest" assertions="2" time="0.001085"/>
        <testcase name="getRunRejectsInvalidSource" file="/home/wwwroot/erikwang2013/xhprof-webman/tests/Unit/Lib/XHProfRunsDefaultTest.php" line="203" class="ErikWang2013\Xhprof\Tests\Unit\Lib\XHProfRunsDefaultTest" classname="ErikWang2013.Xhprof.Tests.Unit.Lib.XHProfRunsDefaultTest" assertions="1" time="0.001213"/>
        <testcase name="getRunWithMissingKeyReturnsFalse" file="/home/wwwroot/erikwang2013/xhprof-webman/tests/Unit/Lib/XHProfRunsDefaultTest.php" line="211" class="ErikWang2013\Xhprof\Tests\Unit\Lib\XHProfRunsDefaultTest" classname="ErikWang2013.Xhprof.Tests.Unit.Lib.XHProfRunsDefaultTest" assertions="1" time="0.001190"/>
        <testcase name="saveRunSkipsWhenUnderTimeLimit" file="/home/wwwroot/erikwang2013/xhprof-webman/tests/Unit/Lib/XHProfRunsDefaultTest.php" line="220" class="ErikWang2013\Xhprof\Tests\Unit\Lib\XHProfRunsDefaultTest" classname="ErikWang2013.Xhprof.Tests.Unit.Lib.XHProfRunsDefaultTest" assertions="2" time="0.001339"/>
        <testcase name="saveRunPersistsWhenAboveTimeLimit" file="/home/wwwroot/erikwang2013/xhprof-webman/tests/Unit/Lib/XHProfRunsDefaultTest.php" line="230" class="ErikWang2013\Xhprof\Tests\Unit\Lib\XHProfRunsDefaultTest" classname="ErikWang2013.Xhprof.Tests.Unit.Lib.XHProfRunsDefaultTest" assertions="1" time="0.002196"/>
        <testcase name="saveRunSkipsIgnoredUrl" file="/home/wwwroot/erikwang2013/xhprof-webman/tests/Unit/Lib/XHProfRunsDefaultTest.php" line="240" class="ErikWang2013\Xhprof\Tests\Unit\Lib\XHProfRunsDefaultTest" classname="ErikWang2013.Xhprof.Tests.Unit.Lib.XHProfRunsDefaultTest" assertions="2" time="0.001602"/>
        <testcase name="saveRunPersistsRunListAndLogs" file="/home/wwwroot/erikwang2013/xhprof-webman/tests/Unit/Lib/XHProfRunsDefaultTest.php" line="250" class="ErikWang2013\Xhprof\Tests\Unit\Lib\XHProfRunsDefaultTest" classname="ErikWang2013.Xhprof.Tests.Unit.Lib.XHProfRunsDefaultTest" assertions="10" time="0.001959"/>
        <testcase name="checkLogNumTrimsOldestRunWhenOverLimit" file="/home/wwwroot/erikwang2013/xhprof-webman/tests/Unit/Lib/XHProfRunsDefaultTest.php" line="284" class="ErikWang2013\Xhprof\Tests\Unit\Lib\XHProfRunsDefaultTest" classname="ErikWang2013.Xhprof.Tests.Unit.Lib.XHProfRunsDefaultTest" assertions="4" time="0.001732"/>
        <testcase name="listRunsRendersRowsWithEscapingAndWarnClass" file="/home/wwwroot/erikwang2013/xhprof-webman/tests/Unit/Lib/XHProfRunsDefaultTest.php" line="301" class="ErikWang2013\Xhprof\Tests\Unit\Lib\XHProfRunsDefaultTest" classname="ErikWang2013.Xhprof.Tests.Unit.Lib.XHProfRunsDefaultTest" assertions="8" time="0.001578"/>
        <testcase name="constructorUsesProvidedDirectory" file="/home/wwwroot/erikwang2013/xhprof-webman/tests/Unit/Lib/XHProfRunsDefaultTest.php" line="340" class="ErikWang2013\Xhprof\Tests\Unit\Lib\XHProfRunsDefaultTest" classname="ErikWang2013.Xhprof.Tests.Unit.Lib.XHProfRunsDefaultTest" assertions="1" time="0.001166"/>
        <testcase name="constructorFallsBackToTmpWhenIniUnset" file="/home/wwwroot/erikwang2013/xhprof-webman/tests/Unit/Lib/XHProfRunsDefaultTest.php" line="347" class="ErikWang2013\Xhprof\Tests\Unit\Lib\XHProfRunsDefaultTest" classname="ErikWang2013.Xhprof.Tests.Unit.Lib.XHProfRunsDefaultTest" assertions="1" time="0.001643"/>
      </testsuite>
      <testsuite name="ErikWang2013\Xhprof\Tests\Unit\Lib\XhprofDisplayTest" file="/home/wwwroot/erikwang2013/xhprof-webman/tests/Unit/Lib/XhprofDisplayTest.php" tests="32" assertions="89" errors="0" failures="0" skipped="0" time="0.078274">
        <testsuite name="ErikWang2013\Xhprof\Tests\Unit\Lib\XhprofDisplayTest::countFormatFormatsNumbers" tests="5" assertions="5" errors="0" failures="0" skipped="0" time="0.011296">
          <testcase name="countFormatFormatsNumbers with data set &quot;zero&quot;" file="/home/wwwroot/erikwang2013/xhprof-webman/tests/Unit/Lib/XhprofDisplayTest.php" line="138" class="ErikWang2013\Xhprof\Tests\Unit\Lib\XhprofDisplayTest" classname="ErikWang2013.Xhprof.Tests.Unit.Lib.XhprofDisplayTest" assertions="1" time="0.002288"/>
          <testcase name="countFormatFormatsNumbers with data set &quot;integer&quot;" file="/home/wwwroot/erikwang2013/xhprof-webman/tests/Unit/Lib/XhprofDisplayTest.php" line="138" class="ErikWang2013\Xhprof\Tests\Unit\Lib\XhprofDisplayTest" classname="ErikWang2013.Xhprof.Tests.Unit.Lib.XhprofDisplayTest" assertions="1" time="0.002437"/>
          <testcase name="countFormatFormatsNumbers with data set &quot;large integer&quot;" file="/home/wwwroot/erikwang2013/xhprof-webman/tests/Unit/Lib/XhprofDisplayTest.php" line="138" class="ErikWang2013\Xhprof\Tests\Unit\Lib\XhprofDisplayTest" classname="ErikWang2013.Xhprof.Tests.Unit.Lib.XhprofDisplayTest" assertions="1" time="0.002146"/>
          <testcase name="countFormatFormatsNumbers with data set &quot;fractional&quot;" file="/home/wwwroot/erikwang2013/xhprof-webman/tests/Unit/Lib/XhprofDisplayTest.php" line="138" class="ErikWang2013\Xhprof\Tests\Unit\Lib\XhprofDisplayTest" classname="ErikWang2013.Xhprof.Tests.Unit.Lib.XhprofDisplayTest" assertions="1" time="0.002232"/>
          <testcase name="countFormatFormatsNumbers with data set &quot;half fractional&quot;" file="/home/wwwroot/erikwang2013/xhprof-webman/tests/Unit/Lib/XhprofDisplayTest.php" line="138" class="ErikWang2013\Xhprof\Tests\Unit\Lib\XhprofDisplayTest" classname="ErikWang2013.Xhprof.Tests.Unit.Lib.XhprofDisplayTest" assertions="1" time="0.002193"/>
        </testsuite>
        <testcase name="percentFormat" file="/home/wwwroot/erikwang2013/xhprof-webman/tests/Unit/Lib/XhprofDisplayTest.php" line="155" class="ErikWang2013\Xhprof\Tests\Unit\Lib\XhprofDisplayTest" classname="ErikWang2013.Xhprof.Tests.Unit.Lib.XhprofDisplayTest" assertions="4" time="0.002030"/>
        <testcase name="pctComputesPercentage" file="/home/wwwroot/erikwang2013/xhprof-webman/tests/Unit/Lib/XhprofDisplayTest.php" line="164" class="ErikWang2013\Xhprof\Tests\Unit\Lib\XhprofDisplayTest" classname="ErikWang2013.Xhprof.Tests.Unit.Lib.XhprofDisplayTest" assertions="4" time="0.002543"/>
        <testcase name="getPrintClassAppliesDiffColors" file="/home/wwwroot/erikwang2013/xhprof-webman/tests/Unit/Lib/XhprofDisplayTest.php" line="174" class="ErikWang2013\Xhprof\Tests\Unit\Lib\XhprofDisplayTest" classname="ErikWang2013.Xhprof.Tests.Unit.Lib.XhprofDisplayTest" assertions="5" time="0.002233"/>
        <testcase name="printTdNumFormatsCell" file="/home/wwwroot/erikwang2013/xhprof-webman/tests/Unit/Lib/XhprofDisplayTest.php" line="185" class="ErikWang2013\Xhprof\Tests\Unit\Lib\XhprofDisplayTest" classname="ErikWang2013.Xhprof.Tests.Unit.Lib.XhprofDisplayTest" assertions="4" time="0.002066"/>
        <testcase name="printTdPctFormatsCell" file="/home/wwwroot/erikwang2013/xhprof-webman/tests/Unit/Lib/XhprofDisplayTest.php" line="194" class="ErikWang2013\Xhprof\Tests\Unit\Lib\XhprofDisplayTest" classname="ErikWang2013.Xhprof.Tests.Unit.Lib.XhprofDisplayTest" assertions="3" time="0.001957"/>
        <testcase name="statDescriptionSwitchesInDiffMode" file="/home/wwwroot/erikwang2013/xhprof-webman/tests/Unit/Lib/XhprofDisplayTest.php" line="202" class="ErikWang2013\Xhprof\Tests\Unit\Lib\XhprofDisplayTest" classname="ErikWang2013.Xhprof.Tests.Unit.Lib.XhprofDisplayTest" assertions="3" time="0.001798"/>
        <testcase name="sortCbkSortsByFnAlphabetically" file="/home/wwwroot/erikwang2013/xhprof-webman/tests/Unit/Lib/XhprofDisplayTest.php" line="211" class="ErikWang2013\Xhprof\Tests\Unit\Lib\XhprofDisplayTest" classname="ErikWang2013.Xhprof.Tests.Unit.Lib.XhprofDisplayTest" assertions="1" time="0.003100"/>
        <testcase name="sortCbkSortsByMetricDescending" file="/home/wwwroot/erikwang2013/xhprof-webman/tests/Unit/Lib/XhprofDisplayTest.php" line="220" class="ErikWang2013\Xhprof\Tests\Unit\Lib\XhprofDisplayTest" classname="ErikWang2013.Xhprof.Tests.Unit.Lib.XhprofDisplayTest" assertions="2" time="0.003238"/>
        <testcase name="sortCbkUsesAbsoluteValuesInDiffMode" file="/home/wwwroot/erikwang2013/xhprof-webman/tests/Unit/Lib/XhprofDisplayTest.php" line="230" class="ErikWang2013\Xhprof\Tests\Unit\Lib\XhprofDisplayTest" classname="ErikWang2013.Xhprof.Tests.Unit.Lib.XhprofDisplayTest" assertions="1" time="0.002022"/>
        <testcase name="includeJsCssRendersAssetLinks" file="/home/wwwroot/erikwang2013/xhprof-webman/tests/Unit/Lib/XhprofDisplayTest.php" line="240" class="ErikWang2013\Xhprof\Tests\Unit\Lib\XhprofDisplayTest" classname="ErikWang2013.Xhprof.Tests.Unit.Lib.XhprofDisplayTest" assertions="4" time="0.001830"/>
        <testcase name="includeJsCssFallsBackToRequestUrlDir" file="/home/wwwroot/erikwang2013/xhprof-webman/tests/Unit/Lib/XhprofDisplayTest.php" line="250" class="ErikWang2013\Xhprof\Tests\Unit\Lib\XhprofDisplayTest" classname="ErikWang2013.Xhprof.Tests.Unit.Lib.XhprofDisplayTest" assertions="1" time="0.002072"/>
        <testcase name="renderActionsRendersEmptyList" file="/home/wwwroot/erikwang2013/xhprof-webman/tests/Unit/Lib/XhprofDisplayTest.php" line="257" class="ErikWang2013\Xhprof\Tests\Unit\Lib\XhprofDisplayTest" classname="ErikWang2013.Xhprof.Tests.Unit.Lib.XhprofDisplayTest" assertions="1" time="0.001891"/>
        <testcase name="renderActionsWrapsItemsInList" file="/home/wwwroot/erikwang2013/xhprof-webman/tests/Unit/Lib/XhprofDisplayTest.php" line="263" class="ErikWang2013\Xhprof\Tests\Unit\Lib\XhprofDisplayTest" classname="ErikWang2013.Xhprof.Tests.Unit.Lib.XhprofDisplayTest" assertions="1" time="0.001810"/>
        <testcase name="renderLinkReturnsEmptyForEmptyContent" file="/home/wwwroot/erikwang2013/xhprof-webman/tests/Unit/Lib/XhprofDisplayTest.php" line="273" class="ErikWang2013\Xhprof\Tests\Unit\Lib\XhprofDisplayTest" classname="ErikWang2013.Xhprof.Tests.Unit.Lib.XhprofDisplayTest" assertions="1" time="0.001806"/>
        <testcase name="renderLinkBuildsAnchor" file="/home/wwwroot/erikwang2013/xhprof-webman/tests/Unit/Lib/XhprofDisplayTest.php" line="279" class="ErikWang2013\Xhprof\Tests\Unit\Lib\XhprofDisplayTest" classname="ErikWang2013.Xhprof.Tests.Unit.Lib.XhprofDisplayTest" assertions="1" time="0.001904"/>
        <testcase name="renderLinkBuildsSpanWithoutHref" file="/home/wwwroot/erikwang2013/xhprof-webman/tests/Unit/Lib/XhprofDisplayTest.php" line="289" class="ErikWang2013\Xhprof\Tests\Unit\Lib\XhprofDisplayTest" classname="ErikWang2013.Xhprof.Tests.Unit.Lib.XhprofDisplayTest" assertions="1" time="0.001964"/>
        <testcase name="renderLinkAddsClickHandlersOnlyWithHref" file="/home/wwwroot/erikwang2013/xhprof-webman/tests/Unit/Lib/XhprofDisplayTest.php" line="295" class="ErikWang2013\Xhprof\Tests\Unit\Lib\XhprofDisplayTest" classname="ErikWang2013.Xhprof.Tests.Unit.Lib.XhprofDisplayTest" assertions="4" time="0.002406"/>
        <testcase name="basePathFromRequestUri" file="/home/wwwroot/erikwang2013/xhprof-webman/tests/Unit/Lib/XhprofDisplayTest.php" line="306" class="ErikWang2013\Xhprof\Tests\Unit\Lib\XhprofDisplayTest" classname="ErikWang2013.Xhprof.Tests.Unit.Lib.XhprofDisplayTest" assertions="1" time="0.002063"/>
        <testcase name="showNavRendersBreadcrumbs" file="/home/wwwroot/erikwang2013/xhprof-webman/tests/Unit/Lib/XhprofDisplayTest.php" line="312" class="ErikWang2013\Xhprof\Tests\Unit\Lib\XhprofDisplayTest" classname="ErikWang2013.Xhprof.Tests.Unit.Lib.XhprofDisplayTest" assertions="4" time="0.002864"/>
        <testcase name="singleRunReportRendersFlatTable" file="/home/wwwroot/erikwang2013/xhprof-webman/tests/Unit/Lib/XhprofDisplayTest.php" line="326" class="ErikWang2013\Xhprof\Tests\Unit\Lib\XhprofDisplayTest" classname="ErikWang2013.Xhprof.Tests.Unit.Lib.XhprofDisplayTest" assertions="11" time="0.003698"/>
        <testcase name="symbolReportRendersParentChildSections" file="/home/wwwroot/erikwang2013/xhprof-webman/tests/Unit/Lib/XhprofDisplayTest.php" line="363" class="ErikWang2013\Xhprof\Tests\Unit\Lib\XhprofDisplayTest" classname="ErikWang2013.Xhprof.Tests.Unit.Lib.XhprofDisplayTest" assertions="6" time="0.003084"/>
        <testcase name="diffReportRendersDiffSummary" file="/home/wwwroot/erikwang2013/xhprof-webman/tests/Unit/Lib/XhprofDisplayTest.php" line="387" class="ErikWang2013\Xhprof\Tests\Unit\Lib\XhprofDisplayTest" classname="ErikWang2013.Xhprof.Tests.Unit.Lib.XhprofDisplayTest" assertions="6" time="0.004168"/>
        <testcase name="printFlatDataHonorsLimit" file="/home/wwwroot/erikwang2013/xhprof-webman/tests/Unit/Lib/XhprofDisplayTest.php" line="432" class="ErikWang2013\Xhprof\Tests\Unit\Lib\XhprofDisplayTest" classname="ErikWang2013.Xhprof.Tests.Unit.Lib.XhprofDisplayTest" assertions="6" time="0.004030"/>
        <testcase name="getTooltipAttributes" file="/home/wwwroot/erikwang2013/xhprof-webman/tests/Unit/Lib/XhprofDisplayTest.php" line="459" class="ErikWang2013\Xhprof\Tests\Unit\Lib\XhprofDisplayTest" classname="ErikWang2013.Xhprof.Tests.Unit.Lib.XhprofDisplayTest" assertions="1" time="0.002009"/>
        <testcase name="printSourceLink" file="/home/wwwroot/erikwang2013/xhprof-webman/tests/Unit/Lib/XhprofDisplayTest.php" line="465" class="ErikWang2013\Xhprof\Tests\Unit\Lib\XhprofDisplayTest" classname="ErikWang2013.Xhprof.Tests.Unit.Lib.XhprofDisplayTest" assertions="3" time="0.002305"/>
        <testcase name="displayXHProfReportShowsRunListWhenNoRunGiven" file="/home/wwwroot/erikwang2013/xhprof-webman/tests/Unit/Lib/XhprofDisplayTest.php" line="474" class="ErikWang2013\Xhprof\Tests\Unit\Lib\XhprofDisplayTest" classname="ErikWang2013.Xhprof.Tests.Unit.Lib.XhprofDisplayTest" assertions="3" time="0.002701"/>
        <testcase name="displayXHProfReportRendersSingleRun" file="/home/wwwroot/erikwang2013/xhprof-webman/tests/Unit/Lib/XhprofDisplayTest.php" line="503" class="ErikWang2013\Xhprof\Tests\Unit\Lib\XhprofDisplayTest" classname="ErikWang2013.Xhprof.Tests.Unit.Lib.XhprofDisplayTest" assertions="2" time="0.003386"/>
      </testsuite>
      <testsuite name="ErikWang2013\Xhprof\Tests\Unit\Lib\XhprofLibTest" file="/home/wwwroot/erikwang2013/xhprof-webman/tests/Unit/Lib/XhprofLibTest.php" tests="63" assertions="123" errors="0" failures="0" skipped="0" time="0.118643">
        <testcase name="possibleMetricsContainsSevenKnownMetrics" file="/home/wwwroot/erikwang2013/xhprof-webman/tests/Unit/Lib/XhprofLibTest.php" line="90" class="ErikWang2013\Xhprof\Tests\Unit\Lib\XhprofLibTest" classname="ErikWang2013.Xhprof.Tests.Unit.Lib.XhprofLibTest" assertions="5" time="0.001576"/>
        <testcase name="getMetricsReturnsOnlyPresentMetrics" file="/home/wwwroot/erikwang2013/xhprof-webman/tests/Unit/Lib/XhprofLibTest.php" line="101" class="ErikWang2013\Xhprof\Tests\Unit\Lib\XhprofLibTest" classname="ErikWang2013.Xhprof.Tests.Unit.Lib.XhprofLibTest" assertions="2" time="0.001352"/>
        <testcase name="initMetricsSetsDisplayState" file="/home/wwwroot/erikwang2013/xhprof-webman/tests/Unit/Lib/XhprofLibTest.php" line="109" class="ErikWang2013\Xhprof\Tests\Unit\Lib\XhprofLibTest" classname="ErikWang2013.Xhprof.Tests.Unit.Lib.XhprofLibTest" assertions="6" time="0.001439"/>
        <testcase name="initMetricsWithValidSortOverridesSortCol" file="/home/wwwroot/erikwang2013/xhprof-webman/tests/Unit/Lib/XhprofLibTest.php" line="126" class="ErikWang2013\Xhprof\Tests\Unit\Lib\XhprofLibTest" classname="ErikWang2013.Xhprof.Tests.Unit.Lib.XhprofLibTest" assertions="1" time="0.001229"/>
        <testcase name="initMetricsWithInvalidSortLogsErrorAndKeepsDefault" file="/home/wwwroot/erikwang2013/xhprof-webman/tests/Unit/Lib/XhprofLibTest.php" line="133" class="ErikWang2013\Xhprof\Tests\Unit\Lib\XhprofLibTest" classname="ErikWang2013.Xhprof.Tests.Unit.Lib.XhprofLibTest" assertions="2" time="0.001372"/>
        <testcase name="initMetricsWithoutWtFallsBackToSamplesAndHidesCalls" file="/home/wwwroot/erikwang2013/xhprof-webman/tests/Unit/Lib/XhprofLibTest.php" line="141" class="ErikWang2013\Xhprof\Tests\Unit\Lib\XhprofLibTest" classname="ErikWang2013.Xhprof.Tests.Unit.Lib.XhprofLibTest" assertions="3" time="0.001592"/>
        <testcase name="initMetricsWithRepSymbolStripsExclPrefixFromSortCol" file="/home/wwwroot/erikwang2013/xhprof-webman/tests/Unit/Lib/XhprofLibTest.php" line="154" class="ErikWang2013\Xhprof\Tests\Unit\Lib\XhprofLibTest" classname="ErikWang2013.Xhprof.Tests.Unit.Lib.XhprofLibTest" assertions="1" time="0.001427"/>
        <testsuite name="ErikWang2013\Xhprof\Tests\Unit\Lib\XhprofLibTest::parseParentChild" tests="3" assertions="6" errors="0" failures="0" skipped="0" time="0.004362">
          <testcase name="parseParentChild with data set &quot;parent and child&quot;" file="/home/wwwroot/erikwang2013/xhprof-webman/tests/Unit/Lib/XhprofLibTest.php" line="162" class="ErikWang2013\Xhprof\Tests\Unit\Lib\XhprofLibTest" classname="ErikWang2013.Xhprof.Tests.Unit.Lib.XhprofLibTest" assertions="2" time="0.001432"/>
          <testcase name="parseParentChild with data set &quot;no parent&quot;" file="/home/wwwroot/erikwang2013/xhprof-webman/tests/Unit/Lib/XhprofLibTest.php" line="162" class="ErikWang2013\Xhprof\Tests\Unit\Lib\XhprofLibTest" classname="ErikWang2013.Xhprof.Tests.Unit.Lib.XhprofLibTest" assertions="2" time="0.001325"/>
          <testcase name="parseParentChild with data set &quot;empty segment&quot;" file="/home/wwwroot/erikwang2013/xhprof-webman/tests/Unit/Lib/XhprofLibTest.php" line="162" class="ErikWang2013\Xhprof\Tests\Unit\Lib\XhprofLibTest" classname="ErikWang2013.Xhprof.Tests.Unit.Lib.XhprofLibTest" assertions="2" time="0.001604"/>
        </testsuite>
        <testcase name="buildParentChildKey" file="/home/wwwroot/erikwang2013/xhprof-webman/tests/Unit/Lib/XhprofLibTest.php" line="179" class="ErikWang2013\Xhprof\Tests\Unit\Lib\XhprofLibTest" classname="ErikWang2013.Xhprof.Tests.Unit.Lib.XhprofLibTest" assertions="3" time="0.001736"/>
        <testcase name="validRunAcceptsWallTimeData" file="/home/wwwroot/erikwang2013/xhprof-webman/tests/Unit/Lib/XhprofLibTest.php" line="187" class="ErikWang2013\Xhprof\Tests\Unit\Lib\XhprofLibTest" classname="ErikWang2013.Xhprof.Tests.Unit.Lib.XhprofLibTest" assertions="1" time="0.001921"/>
        <testcase name="validRunAcceptsSamplesData" file="/home/wwwroot/erikwang2013/xhprof-webman/tests/Unit/Lib/XhprofLibTest.php" line="194" class="ErikWang2013\Xhprof\Tests\Unit\Lib\XhprofLibTest" classname="ErikWang2013.Xhprof.Tests.Unit.Lib.XhprofLibTest" assertions="1" time="0.001478"/>
        <testcase name="validRunRejectsMissingMain" file="/home/wwwroot/erikwang2013/xhprof-webman/tests/Unit/Lib/XhprofLibTest.php" line="201" class="ErikWang2013\Xhprof\Tests\Unit\Lib\XhprofLibTest" classname="ErikWang2013.Xhprof.Tests.Unit.Lib.XhprofLibTest" assertions="2" time="0.001453"/>
        <testcase name="validRunRejectsMissingWallTime" file="/home/wwwroot/erikwang2013/xhprof-webman/tests/Unit/Lib/XhprofLibTest.php" line="211" class="ErikWang2013\Xhprof\Tests\Unit\Lib\XhprofLibTest" classname="ErikWang2013.Xhprof.Tests.Unit.Lib.XhprofLibTest" assertions="2" time="0.001429"/>
        <testcase name="validRunRejectsNegativeMetric" file="/home/wwwroot/erikwang2013/xhprof-webman/tests/Unit/Lib/XhprofLibTest.php" line="221" class="ErikWang2013\Xhprof\Tests\Unit\Lib\XhprofLibTest" classname="ErikWang2013.Xhprof.Tests.Unit.Lib.XhprofLibTest" assertions="2" time="0.001436"/>
        <testcase name="validRunRejectsMetricOverOneDay" file="/home/wwwroot/erikwang2013/xhprof-webman/tests/Unit/Lib/XhprofLibTest.php" line="229" class="ErikWang2013\Xhprof\Tests\Unit\Lib\XhprofLibTest" classname="ErikWang2013.Xhprof.Tests.Unit.Lib.XhprofLibTest" assertions="2" time="0.002317"/>
        <testcase name="trimRunKeepsOnlyMatchingFunctionsAndMain" file="/home/wwwroot/erikwang2013/xhprof-webman/tests/Unit/Lib/XhprofLibTest.php" line="237" class="ErikWang2013\Xhprof\Tests\Unit\Lib\XhprofLibTest" classname="ErikWang2013.Xhprof.Tests.Unit.Lib.XhprofLibTest" assertions="6" time="0.001879"/>
        <testcase name="normalizeMetricsDividesByRunCount" file="/home/wwwroot/erikwang2013/xhprof-webman/tests/Unit/Lib/XhprofLibTest.php" line="257" class="ErikWang2013\Xhprof\Tests\Unit\Lib\XhprofLibTest" classname="ErikWang2013.Xhprof.Tests.Unit.Lib.XhprofLibTest" assertions="2" time="0.001429"/>
        <testcase name="normalizeMetricsSkipsZeroRunCount" file="/home/wwwroot/erikwang2013/xhprof-webman/tests/Unit/Lib/XhprofLibTest.php" line="266" class="ErikWang2013\Xhprof\Tests\Unit\Lib\XhprofLibTest" classname="ErikWang2013.Xhprof.Tests.Unit.Lib.XhprofLibTest" assertions="1" time="0.001374"/>
        <testcase name="normalizeMetricsHandlesEmptyData" file="/home/wwwroot/erikwang2013/xhprof-webman/tests/Unit/Lib/XhprofLibTest.php" line="273" class="ErikWang2013\Xhprof\Tests\Unit\Lib\XhprofLibTest" classname="ErikWang2013.Xhprof.Tests.Unit.Lib.XhprofLibTest" assertions="1" time="0.001456"/>
        <testcase name="aggregateRunsRejectsEmptyRuns" file="/home/wwwroot/erikwang2013/xhprof-webman/tests/Unit/Lib/XhprofLibTest.php" line="279" class="ErikWang2013\Xhprof\Tests\Unit\Lib\XhprofLibTest" classname="ErikWang2013.Xhprof.Tests.Unit.Lib.XhprofLibTest" assertions="2" time="0.001567"/>
        <testcase name="aggregateRunsRejectsWeightCountMismatch" file="/home/wwwroot/erikwang2013/xhprof-webman/tests/Unit/Lib/XhprofLibTest.php" line="287" class="ErikWang2013\Xhprof\Tests\Unit\Lib\XhprofLibTest" classname="ErikWang2013.Xhprof.Tests.Unit.Lib.XhprofLibTest" assertions="1" time="0.001651"/>
        <testcase name="aggregateRunsWeightsAndNormalizes" file="/home/wwwroot/erikwang2013/xhprof-webman/tests/Unit/Lib/XhprofLibTest.php" line="294" class="ErikWang2013\Xhprof\Tests\Unit\Lib\XhprofLibTest" classname="ErikWang2013.Xhprof.Tests.Unit.Lib.XhprofLibTest" assertions="5" time="0.001868"/>
        <testcase name="aggregateRunsRecordsBadRuns" file="/home/wwwroot/erikwang2013/xhprof-webman/tests/Unit/Lib/XhprofLibTest.php" line="321" class="ErikWang2013\Xhprof\Tests\Unit\Lib\XhprofLibTest" classname="ErikWang2013.Xhprof.Tests.Unit.Lib.XhprofLibTest" assertions="3" time="0.001872"/>
        <testcase name="aggregateRunsWithUseScriptNameRewritesEdges" file="/home/wwwroot/erikwang2013/xhprof-webman/tests/Unit/Lib/XhprofLibTest.php" line="335" class="ErikWang2013\Xhprof\Tests\Unit\Lib\XhprofLibTest" classname="ErikWang2013.Xhprof.Tests.Unit.Lib.XhprofLibTest" assertions="3" time="0.002893"/>
        <testcase name="computeFlatInfoComputesExclusiveTimes" file="/home/wwwroot/erikwang2013/xhprof-webman/tests/Unit/Lib/XhprofLibTest.php" line="350" class="ErikWang2013\Xhprof\Tests\Unit\Lib\XhprofLibTest" classname="ErikWang2013.Xhprof.Tests.Unit.Lib.XhprofLibTest" assertions="6" time="0.003418"/>
        <testcase name="computeDiffSubtractsRun1FromRun2" file="/home/wwwroot/erikwang2013/xhprof-webman/tests/Unit/Lib/XhprofLibTest.php" line="368" class="ErikWang2013\Xhprof\Tests\Unit\Lib\XhprofLibTest" classname="ErikWang2013.Xhprof.Tests.Unit.Lib.XhprofLibTest" assertions="3" time="0.001492"/>
        <testcase name="computeInclusiveTimesSumsAcrossEdges" file="/home/wwwroot/erikwang2013/xhprof-webman/tests/Unit/Lib/XhprofLibTest.php" line="387" class="ErikWang2013\Xhprof\Tests\Unit\Lib\XhprofLibTest" classname="ErikWang2013.Xhprof.Tests.Unit.Lib.XhprofLibTest" assertions="5" time="0.002606"/>
        <testcase name="computeInclusiveTimesRejectsParentEqualsChild" file="/home/wwwroot/erikwang2013/xhprof-webman/tests/Unit/Lib/XhprofLibTest.php" line="405" class="ErikWang2013\Xhprof\Tests\Unit\Lib\XhprofLibTest" classname="ErikWang2013.Xhprof.Tests.Unit.Lib.XhprofLibTest" assertions="2" time="0.004417"/>
        <testcase name="pruneRunDropsEdgesBelowThresholdAndReparents" file="/home/wwwroot/erikwang2013/xhprof-webman/tests/Unit/Lib/XhprofLibTest.php" line="413" class="ErikWang2013\Xhprof\Tests\Unit\Lib\XhprofLibTest" classname="ErikWang2013.Xhprof.Tests.Unit.Lib.XhprofLibTest" assertions="5" time="0.002566"/>
        <testcase name="pruneRunRejectsMissingMain" file="/home/wwwroot/erikwang2013/xhprof-webman/tests/Unit/Lib/XhprofLibTest.php" line="431" class="ErikWang2013\Xhprof\Tests\Unit\Lib\XhprofLibTest" classname="ErikWang2013.Xhprof.Tests.Unit.Lib.XhprofLibTest" assertions="2" time="0.003079"/>
        <testcase name="arraySetAndUnset" file="/home/wwwroot/erikwang2013/xhprof-webman/tests/Unit/Lib/XhprofLibTest.php" line="441" class="ErikWang2013\Xhprof\Tests\Unit\Lib\XhprofLibTest" classname="ErikWang2013.Xhprof.Tests.Unit.Lib.XhprofLibTest" assertions="2" time="0.001681"/>
        <testcase name="getUintParamAcceptsDigits" file="/home/wwwroot/erikwang2013/xhprof-webman/tests/Unit/Lib/XhprofLibTest.php" line="450" class="ErikWang2013\Xhprof\Tests\Unit\Lib\XhprofLibTest" classname="ErikWang2013.Xhprof.Tests.Unit.Lib.XhprofLibTest" assertions="1" time="0.001494"/>
        <testcase name="getUintParamTrimsWhitespace" file="/home/wwwroot/erikwang2013/xhprof-webman/tests/Unit/Lib/XhprofLibTest.php" line="458" class="ErikWang2013\Xhprof\Tests\Unit\Lib\XhprofLibTest" classname="ErikWang2013.Xhprof.Tests.Unit.Lib.XhprofLibTest" assertions="1" time="0.003510"/>
        <testcase name="getUintParamRejectsNonDigits" file="/home/wwwroot/erikwang2013/xhprof-webman/tests/Unit/Lib/XhprofLibTest.php" line="466" class="ErikWang2013\Xhprof\Tests\Unit\Lib\XhprofLibTest" classname="ErikWang2013.Xhprof.Tests.Unit.Lib.XhprofLibTest" assertions="2" time="0.001816"/>
        <testcase name="getUintParamReturnsDefaultWhenMissing" file="/home/wwwroot/erikwang2013/xhprof-webman/tests/Unit/Lib/XhprofLibTest.php" line="475" class="ErikWang2013\Xhprof\Tests\Unit\Lib\XhprofLibTest" classname="ErikWang2013.Xhprof.Tests.Unit.Lib.XhprofLibTest" assertions="1" time="0.002344"/>
        <testcase name="getFloatParamCastsToFloat" file="/home/wwwroot/erikwang2013/xhprof-webman/tests/Unit/Lib/XhprofLibTest.php" line="482" class="ErikWang2013\Xhprof\Tests\Unit\Lib\XhprofLibTest" classname="ErikWang2013.Xhprof.Tests.Unit.Lib.XhprofLibTest" assertions="1" time="0.001771"/>
        <testcase name="getFloatParamReturnsDefaultWhenMissing" file="/home/wwwroot/erikwang2013/xhprof-webman/tests/Unit/Lib/XhprofLibTest.php" line="490" class="ErikWang2013\Xhprof\Tests\Unit\Lib\XhprofLibTest" classname="ErikWang2013.Xhprof.Tests.Unit.Lib.XhprofLibTest" assertions="1" time="0.001699"/>
        <testsuite name="ErikWang2013\Xhprof\Tests\Unit\Lib\XhprofLibTest::getBoolParamParsesValidValues" tests="9" assertions="9" errors="0" failures="0" skipped="0" time="0.018845">
          <testcase name="getBoolParamParsesValidValues with data set &quot;true&quot;" file="/home/wwwroot/erikwang2013/xhprof-webman/tests/Unit/Lib/XhprofLibTest.php" line="498" class="ErikWang2013\Xhprof\Tests\Unit\Lib\XhprofLibTest" classname="ErikWang2013.Xhprof.Tests.Unit.Lib.XhprofLibTest" assertions="1" time="0.001699"/>
          <testcase name="getBoolParamParsesValidValues with data set &quot;on&quot;" file="/home/wwwroot/erikwang2013/xhprof-webman/tests/Unit/Lib/XhprofLibTest.php" line="498" class="ErikWang2013\Xhprof\Tests\Unit\Lib\XhprofLibTest" classname="ErikWang2013.Xhprof.Tests.Unit.Lib.XhprofLibTest" assertions="1" time="0.001549"/>
          <testcase name="getBoolParamParsesValidValues with data set &quot;yes&quot;" file="/home/wwwroot/erikwang2013/xhprof-webman/tests/Unit/Lib/XhprofLibTest.php" line="498" class="ErikWang2013\Xhprof\Tests\Unit\Lib\XhprofLibTest" classname="ErikWang2013.Xhprof.Tests.Unit.Lib.XhprofLibTest" assertions="1" time="0.002087"/>
          <testcase name="getBoolParamParsesValidValues with data set #0" file="/home/wwwroot/erikwang2013/xhprof-webman/tests/Unit/Lib/XhprofLibTest.php" line="498" class="ErikWang2013\Xhprof\Tests\Unit\Lib\XhprofLibTest" classname="ErikWang2013.Xhprof.Tests.Unit.Lib.XhprofLibTest" assertions="1" time="0.005534"/>
          <testcase name="getBoolParamParsesValidValues with data set &quot;false&quot;" file="/home/wwwroot/erikwang2013/xhprof-webman/tests/Unit/Lib/XhprofLibTest.php" line="498" class="ErikWang2013\Xhprof\Tests\Unit\Lib\XhprofLibTest" classname="ErikWang2013.Xhprof.Tests.Unit.Lib.XhprofLibTest" assertions="1" time="0.001575"/>
          <testcase name="getBoolParamParsesValidValues with data set &quot;off&quot;" file="/home/wwwroot/erikwang2013/xhprof-webman/tests/Unit/Lib/XhprofLibTest.php" line="498" class="ErikWang2013\Xhprof\Tests\Unit\Lib\XhprofLibTest" classname="ErikWang2013.Xhprof.Tests.Unit.Lib.XhprofLibTest" assertions="1" time="0.001600"/>
          <testcase name="getBoolParamParsesValidValues with data set &quot;no&quot;" file="/home/wwwroot/erikwang2013/xhprof-webman/tests/Unit/Lib/XhprofLibTest.php" line="498" class="ErikWang2013\Xhprof\Tests\Unit\Lib\XhprofLibTest" classname="ErikWang2013.Xhprof.Tests.Unit.Lib.XhprofLibTest" assertions="1" time="0.001601"/>
          <testcase name="getBoolParamParsesValidValues with data set #1" file="/home/wwwroot/erikwang2013/xhprof-webman/tests/Unit/Lib/XhprofLibTest.php" line="498" class="ErikWang2013\Xhprof\Tests\Unit\Lib\XhprofLibTest" classname="ErikWang2013.Xhprof.Tests.Unit.Lib.XhprofLibTest" assertions="1" time="0.001543"/>
          <testcase name="getBoolParamParsesValidValues with data set &quot;uppercase&quot;" file="/home/wwwroot/erikwang2013/xhprof-webman/tests/Unit/Lib/XhprofLibTest.php" line="498" class="ErikWang2013\Xhprof\Tests\Unit\Lib\XhprofLibTest" classname="ErikWang2013.Xhprof.Tests.Unit.Lib.XhprofLibTest" assertions="1" time="0.001658"/>
        </testsuite>
        <testcase name="getBoolParamRejectsInvalidValue" file="/home/wwwroot/erikwang2013/xhprof-webman/tests/Unit/Lib/XhprofLibTest.php" line="521" class="ErikWang2013\Xhprof\Tests\Unit\Lib\XhprofLibTest" classname="ErikWang2013.Xhprof.Tests.Unit.Lib.XhprofLibTest" assertions="2" time="0.001577"/>
        <testcase name="getBoolParamReturnsDefaultWhenMissing" file="/home/wwwroot/erikwang2013/xhprof-webman/tests/Unit/Lib/XhprofLibTest.php" line="530" class="ErikWang2013\Xhprof\Tests\Unit\Lib\XhprofLibTest" classname="ErikWang2013.Xhprof.Tests.Unit.Lib.XhprofLibTest" assertions="1" time="0.001432"/>
        <testcase name="getStringParamReturnsDefaultWhenMissing" file="/home/wwwroot/erikwang2013/xhprof-webman/tests/Unit/Lib/XhprofLibTest.php" line="537" class="ErikWang2013\Xhprof\Tests\Unit\Lib\XhprofLibTest" classname="ErikWang2013.Xhprof.Tests.Unit.Lib.XhprofLibTest" assertions="1" time="0.001425"/>
        <testcase name="getStringParamReturnsValueWhenPresent" file="/home/wwwroot/erikwang2013/xhprof-webman/tests/Unit/Lib/XhprofLibTest.php" line="543" class="ErikWang2013\Xhprof\Tests\Unit\Lib\XhprofLibTest" classname="ErikWang2013.Xhprof.Tests.Unit.Lib.XhprofLibTest" assertions="1" time="0.001488"/>
        <testcase name="getMatchingFunctionsFindsSubstringCaseInsensitive" file="/home/wwwroot/erikwang2013/xhprof-webman/tests/Unit/Lib/XhprofLibTest.php" line="551" class="ErikWang2013\Xhprof\Tests\Unit\Lib\XhprofLibTest" classname="ErikWang2013.Xhprof.Tests.Unit.Lib.XhprofLibTest" assertions="2" time="0.001599"/>
        <testcase name="getMatchingFunctionsSkipsBareMainKey" file="/home/wwwroot/erikwang2013/xhprof-webman/tests/Unit/Lib/XhprofLibTest.php" line="567" class="ErikWang2013\Xhprof\Tests\Unit\Lib\XhprofLibTest" classname="ErikWang2013.Xhprof.Tests.Unit.Lib.XhprofLibTest" assertions="1" time="0.002566"/>
        <testcase name="isIgnoreMatchesConfiguredUrl" file="/home/wwwroot/erikwang2013/xhprof-webman/tests/Unit/Lib/XhprofLibTest.php" line="577" class="ErikWang2013\Xhprof\Tests\Unit\Lib\XhprofLibTest" classname="ErikWang2013.Xhprof.Tests.Unit.Lib.XhprofLibTest" assertions="1" time="0.001658"/>
        <testcase name="isIgnoreReturnsTrueWhenNoMatch" file="/home/wwwroot/erikwang2013/xhprof-webman/tests/Unit/Lib/XhprofLibTest.php" line="586" class="ErikWang2013\Xhprof\Tests\Unit\Lib\XhprofLibTest" classname="ErikWang2013.Xhprof.Tests.Unit.Lib.XhprofLibTest" assertions="1" time="0.001435"/>
        <testcase name="isIgnoreMatchesCaseInsensitive" file="/home/wwwroot/erikwang2013/xhprof-webman/tests/Unit/Lib/XhprofLibTest.php" line="595" class="ErikWang2013\Xhprof\Tests\Unit\Lib\XhprofLibTest" classname="ErikWang2013.Xhprof.Tests.Unit.Lib.XhprofLibTest" assertions="1" time="0.001393"/>
        <testcase name="isIgnoreReturnsFalseForEmptyUri" file="/home/wwwroot/erikwang2013/xhprof-webman/tests/Unit/Lib/XhprofLibTest.php" line="604" class="ErikWang2013\Xhprof\Tests\Unit\Lib\XhprofLibTest" classname="ErikWang2013.Xhprof.Tests.Unit.Lib.XhprofLibTest" assertions="1" time="0.001441"/>
        <testcase name="isIgnoreReturnsTrueWhenConfigNotArray" file="/home/wwwroot/erikwang2013/xhprof-webman/tests/Unit/Lib/XhprofLibTest.php" line="613" class="ErikWang2013\Xhprof\Tests\Unit\Lib\XhprofLibTest" classname="ErikWang2013.Xhprof.Tests.Unit.Lib.XhprofLibTest" assertions="1" time="0.001551"/>
        <testcase name="getRequestLogDecodesStoredJson" file="/home/wwwroot/erikwang2013/xhprof-webman/tests/Unit/Lib/XhprofLibTest.php" line="620" class="ErikWang2013\Xhprof\Tests\Unit\Lib\XhprofLibTest" classname="ErikWang2013.Xhprof.Tests.Unit.Lib.XhprofLibTest" assertions="2" time="0.001516"/>
        <testcase name="getRequestLogReturnsFalseWhenMissing" file="/home/wwwroot/erikwang2013/xhprof-webman/tests/Unit/Lib/XhprofLibTest.php" line="629" class="ErikWang2013\Xhprof\Tests\Unit\Lib\XhprofLibTest" classname="ErikWang2013.Xhprof.Tests.Unit.Lib.XhprofLibTest" assertions="1" time="0.001489"/>
        <testcase name="getRequestLogReturnsNullOnInvalidJson" file="/home/wwwroot/erikwang2013/xhprof-webman/tests/Unit/Lib/XhprofLibTest.php" line="635" class="ErikWang2013\Xhprof\Tests\Unit\Lib\XhprofLibTest" classname="ErikWang2013.Xhprof.Tests.Unit.Lib.XhprofLibTest" assertions="1" time="0.003770"/>
        <testcase name="xhprofErrorLogsViaLogger" file="/home/wwwroot/erikwang2013/xhprof-webman/tests/Unit/Lib/XhprofLibTest.php" line="643" class="ErikWang2013\Xhprof\Tests\Unit\Lib\XhprofLibTest" classname="ErikWang2013.Xhprof.Tests.Unit.Lib.XhprofLibTest" assertions="2" time="0.001458"/>
      </testsuite>
    </testsuite>
  </testsuite>
</testsuites>
